Archive member included to satisfy reference by file (symbol)

d:/stm32cubeide_1.7.0/stm32cubeide/plugins/com.st.stm32cube.ide.mcu.externaltools.gnu-tools-for-stm32.9-2020-q2-update.win32_2.0.0.202105311346/tools/bin/../lib/gcc/arm-none-eabi/9.3.1/../../../../arm-none-eabi/lib/thumb/v7e-m+fp/hard\libc_nano.a(lib_a-errno.o)
                              ./Src/syscalls.o (__errno)
d:/stm32cubeide_1.7.0/stm32cubeide/plugins/com.st.stm32cube.ide.mcu.externaltools.gnu-tools-for-stm32.9-2020-q2-update.win32_2.0.0.202105311346/tools/bin/../lib/gcc/arm-none-eabi/9.3.1/../../../../arm-none-eabi/lib/thumb/v7e-m+fp/hard\libc_nano.a(lib_a-exit.o)
                              d:/stm32cubeide_1.7.0/stm32cubeide/plugins/com.st.stm32cube.ide.mcu.externaltools.gnu-tools-for-stm32.9-2020-q2-update.win32_2.0.0.202105311346/tools/bin/../lib/gcc/arm-none-eabi/9.3.1/../../../../arm-none-eabi/lib/thumb/v7e-m+fp/hard/crt0.o (exit)
d:/stm32cubeide_1.7.0/stm32cubeide/plugins/com.st.stm32cube.ide.mcu.externaltools.gnu-tools-for-stm32.9-2020-q2-update.win32_2.0.0.202105311346/tools/bin/../lib/gcc/arm-none-eabi/9.3.1/../../../../arm-none-eabi/lib/thumb/v7e-m+fp/hard\libc_nano.a(lib_a-impure.o)
                              d:/stm32cubeide_1.7.0/stm32cubeide/plugins/com.st.stm32cube.ide.mcu.externaltools.gnu-tools-for-stm32.9-2020-q2-update.win32_2.0.0.202105311346/tools/bin/../lib/gcc/arm-none-eabi/9.3.1/../../../../arm-none-eabi/lib/thumb/v7e-m+fp/hard\libc_nano.a(lib_a-exit.o) (_global_impure_ptr)
d:/stm32cubeide_1.7.0/stm32cubeide/plugins/com.st.stm32cube.ide.mcu.externaltools.gnu-tools-for-stm32.9-2020-q2-update.win32_2.0.0.202105311346/tools/bin/../lib/gcc/arm-none-eabi/9.3.1/../../../../arm-none-eabi/lib/thumb/v7e-m+fp/hard\libc_nano.a(lib_a-init.o)
                              d:/stm32cubeide_1.7.0/stm32cubeide/plugins/com.st.stm32cube.ide.mcu.externaltools.gnu-tools-for-stm32.9-2020-q2-update.win32_2.0.0.202105311346/tools/bin/../lib/gcc/arm-none-eabi/9.3.1/../../../../arm-none-eabi/lib/thumb/v7e-m+fp/hard/crt0.o (__libc_init_array)
d:/stm32cubeide_1.7.0/stm32cubeide/plugins/com.st.stm32cube.ide.mcu.externaltools.gnu-tools-for-stm32.9-2020-q2-update.win32_2.0.0.202105311346/tools/bin/../lib/gcc/arm-none-eabi/9.3.1/../../../../arm-none-eabi/lib/thumb/v7e-m+fp/hard\libc_nano.a(lib_a-memset.o)
                              d:/stm32cubeide_1.7.0/stm32cubeide/plugins/com.st.stm32cube.ide.mcu.externaltools.gnu-tools-for-stm32.9-2020-q2-update.win32_2.0.0.202105311346/tools/bin/../lib/gcc/arm-none-eabi/9.3.1/../../../../arm-none-eabi/lib/thumb/v7e-m+fp/hard/crt0.o (memset)
d:/stm32cubeide_1.7.0/stm32cubeide/plugins/com.st.stm32cube.ide.mcu.externaltools.gnu-tools-for-stm32.9-2020-q2-update.win32_2.0.0.202105311346/tools/bin/../lib/gcc/arm-none-eabi/9.3.1/../../../../arm-none-eabi/lib/thumb/v7e-m+fp/hard\libc_nano.a(lib_a-nano-vfprintf_float.o)
                              (_printf_float)
d:/stm32cubeide_1.7.0/stm32cubeide/plugins/com.st.stm32cube.ide.mcu.externaltools.gnu-tools-for-stm32.9-2020-q2-update.win32_2.0.0.202105311346/tools/bin/../lib/gcc/arm-none-eabi/9.3.1/../../../../arm-none-eabi/lib/thumb/v7e-m+fp/hard\libc_nano.a(lib_a-nano-vfprintf_i.o)
                              d:/stm32cubeide_1.7.0/stm32cubeide/plugins/com.st.stm32cube.ide.mcu.externaltools.gnu-tools-for-stm32.9-2020-q2-update.win32_2.0.0.202105311346/tools/bin/../lib/gcc/arm-none-eabi/9.3.1/../../../../arm-none-eabi/lib/thumb/v7e-m+fp/hard\libc_nano.a(lib_a-nano-vfprintf_float.o) (_printf_common)
d:/stm32cubeide_1.7.0/stm32cubeide/plugins/com.st.stm32cube.ide.mcu.externaltools.gnu-tools-for-stm32.9-2020-q2-update.win32_2.0.0.202105311346/tools/bin/../lib/gcc/arm-none-eabi/9.3.1/../../../../arm-none-eabi/lib/thumb/v7e-m+fp/hard\libc_nano.a(lib_a-sprintf.o)
                              ./Src/main.o (sprintf)
d:/stm32cubeide_1.7.0/stm32cubeide/plugins/com.st.stm32cube.ide.mcu.externaltools.gnu-tools-for-stm32.9-2020-q2-update.win32_2.0.0.202105311346/tools/bin/../lib/gcc/arm-none-eabi/9.3.1/../../../../arm-none-eabi/lib/thumb/v7e-m+fp/hard\libc_nano.a(lib_a-strchr.o)
                              ./Src/display.o (strchr)
d:/stm32cubeide_1.7.0/stm32cubeide/plugins/com.st.stm32cube.ide.mcu.externaltools.gnu-tools-for-stm32.9-2020-q2-update.win32_2.0.0.202105311346/tools/bin/../lib/gcc/arm-none-eabi/9.3.1/../../../../arm-none-eabi/lib/thumb/v7e-m+fp/hard\libc_nano.a(lib_a-strlen.o)
                              ./Src/display.o (strlen)
d:/stm32cubeide_1.7.0/stm32cubeide/plugins/com.st.stm32cube.ide.mcu.externaltools.gnu-tools-for-stm32.9-2020-q2-update.win32_2.0.0.202105311346/tools/bin/../lib/gcc/arm-none-eabi/9.3.1/../../../../arm-none-eabi/lib/thumb/v7e-m+fp/hard\libc_nano.a(lib_a-dtoa.o)
[...]
Memory Configuration

Name             Origin             Length             Attributes
FLASH            0x0000000008000000 0x0000000000010000 xr
CCMRAM           0x0000000010000000 0x0000000000001000 xrw
RAM              0x0000000020000000 0x0000000000003000 xrw
*default*        0x0000000000000000 0xffffffffffffffff

Linker script and memory map

LOAD d:/stm32cubeide_1.7.0/stm32cubeide/plugins/com.st.stm32cube.ide.mcu.externaltools.gnu-tools-for-stm32.9-2020-q2-update.win32_2.0.0.202105311346/tools/bin/../lib/gcc/arm-none-eabi/9.3.1/thumb/v7e-m+fp/hard/crti.o
LOAD d:/stm32cubeide_1.7.0/stm32cubeide/plugins/com.st.stm32cube.ide.mcu.externaltools.gnu-tools-for-stm32.9-2020-q2-update.win32_2.0.0.202105311346/tools/bin/../lib/gcc/arm-none-eabi/9.3.1/thumb/v7e-m+fp/hard/crtbegin.o
LOAD d:/stm32cubeide_1.7.0/stm32cubeide/plugins/com.st.stm32cube.ide.mcu.externaltools.gnu-tools-for-stm32.9-2020-q2-update.win32_2.0.0.202105311346/tools/bin/../lib/gcc/arm-none-eabi/9.3.1/../../../../arm-none-eabi/lib/thumb/v7e-m+fp/hard/crt0.o
LOAD ./Drivers/STM32F3xx_HAL_Driver/Src/stm32f3xx_ll_dma.o
LOAD ./Drivers/STM32F3xx_HAL_Driver/Src/stm32f3xx_ll_exti.o
LOAD ./Drivers/STM32F3xx_HAL_Driver/Src/stm32f3xx_ll_gpio.o
LOAD ./Drivers/STM32F3xx_HAL_Driver/Src/stm32f3xx_ll_i2c.o
LOAD ./Drivers/STM32F3xx_HAL_Driver/Src/stm32f3xx_ll_rcc.o
LOAD ./Drivers/STM32F3xx_HAL_Driver/Src/stm32f3xx_ll_tim.o
LOAD ./Drivers/STM32F3xx_HAL_Driver/Src/stm32f3xx_ll_utils.o
LOAD ./Src/display.o
LOAD ./Src/gpio.o
LOAD ./Src/hts221.o
LOAD ./Src/i2c.o
LOAD ./Src/lps25hb.o
LOAD ./Src/main.o
LOAD ./Src/stm32f3xx_it.o
LOAD ./Src/syscalls.o
LOAD ./Src/sysmem.o
LOAD ./Src/system_stm32f3xx.o
LOAD ./Src/tim.o
LOAD ./Startup/startup_stm32f303k8tx.o
START GROUP
LOAD d:/stm32cubeide_1.7.0/stm32cubeide/plugins/com.st.stm32cube.ide.mcu.externaltools.gnu-tools-for-stm32.9-2020-q2-update.win32_2.0.0.202105311346/tools/bin/../lib/gcc/arm-none-eabi/9.3.1/../../../../arm-none-eabi/lib/thumb/v7e-m+fp/hard\libc_nano.a
LOAD d:/stm32cubeide_1.7.0/stm32cubeide/plugins/com.st.stm32cube.ide.mcu.externaltools.gnu-tools-for-stm32.9-2020-q2-update.win32_2.0.0.202105311346/tools/bin/../lib/gcc/arm-none-eabi/9.3.1/../../../../arm-none-eabi/lib/thumb/v7e-m+fp/hard\libm.a
END GROUP
START GROUP
LOAD d:/stm32cubeide_1.7.0/stm32cubeide/plugins/com.st.stm32cube.ide.mcu.externaltools.gnu-tools-for-stm32.9-2020-q2-update.win32_2.0.0.202105311346/tools/bin/../lib/gcc/arm-none-eabi/9.3.1/thumb/v7e-m+fp/hard\libgcc.a
LOAD d:/stm32cubeide_1.7.0/stm32cubeide/plugins/com.st.stm32cube.ide.mcu.externaltools.gnu-tools-for-stm32.9-2020-q2-update.win32_2.0.0.202105311346/tools/bin/../lib/gcc/arm-none-eabi/9.3.1/../../../../arm-none-eabi/lib/thumb/v7e-m+fp/hard\libc_nano.a
END GROUP
START GROUP
LOAD d:/stm32cubeide_1.7.0/stm32cubeide/plugins/com.st.stm32cube.ide.mcu.externaltools.gnu-tools-for-stm32.9-2020-q2-update.win32_2.0.0.202105311346/tools/bin/../lib/gcc/arm-none-eabi/9.3.1/thumb/v7e-m+fp/hard\libgcc.a
LOAD d:/stm32cubeide_1.7.0/stm32cubeide/plugins/com.st.stm32cube.ide.mcu.externaltools.gnu-tools-for-stm32.9-2020-q2-update.win32_2.0.0.202105311346/tools/bin/../lib/gcc/arm-none-eabi/9.3.1/../../../../arm-none-eabi/lib/thumb/v7e-m+fp/hard\libc_nano.a
LOAD d:/stm32cubeide_1.7.0/stm32cubeide/plugins/com.st.stm32cube.ide.mcu.externaltools.gnu-tools-for-stm32.9-2020-q2-update.win32_2.0.0.202105311346/tools/bin/../lib/gcc/arm-none-eabi/9.3.1/../../../../arm-none-eabi/lib/thumb/v7e-m+fp/hard\libnosys.a
END GROUP
START GROUP
LOAD d:/stm32cubeide_1.7.0/stm32cubeide/plugins/com.st.stm32cube.ide.mcu.externaltools.gnu-tools-for-stm32.9-2020-q2-update.win32_2.0.0.202105311346/tools/bin/../lib/gcc/arm-none-eabi/9.3.1/thumb/v7e-m+fp/hard\libgcc.a
LOAD d:/stm32cubeide_1.7.0/stm32cubeide/plugins/com.st.stm32cube.ide.mcu.externaltools.gnu-tools-for-stm32.9-2020-q2-update.win32_2.0.0.202105311346/tools/bin/../lib/gcc/arm-none-eabi/9.3.1/../../../../arm-none-eabi/lib/thumb/v7e-m+fp/hard\libc_nano.a
LOAD d:/stm32cubeide_1.7.0/stm32cubeide/plugins/com.st.stm32cube.ide.mcu.externaltools.gnu-tools-for-stm32.9-2020-q2-update.win32_2.0.0.202105311346/tools/bin/../lib/gcc/arm-none-eabi/9.3.1/../../../../arm-none-eabi/lib/thumb/v7e-m+fp/hard\libnosys.a
END GROUP
LOAD d:/stm32cubeide_1.7.0/stm32cubeide/plugins/com.st.stm32cube.ide.mcu.externaltools.gnu-tools-for-stm32.9-2020-q2-update.win32_2.0.0.202105311346/tools/bin/../lib/gcc/arm-none-eabi/9.3.1/thumb/v7e-m+fp/hard/crtend.o
LOAD d:/stm32cubeide_1.7.0/stm32cubeide/plugins/com.st.stm32cube.ide.mcu.externaltools.gnu-tools-for-stm32.9-2020-q2-update.win32_2.0.0.202105311346/tools/bin/../lib/gcc/arm-none-eabi/9.3.1/thumb/v7e-m+fp/hard/crtn.o
                0x0000000020003000                _estack = 0x20003000
                0x0000000000000200                _Min_Heap_Size = 0x200
                0x0000000000000400                _Min_Stack_Size = 0x400

.isr_vector     0x0000000008000000      0x188
                0x0000000008000000                . = ALIGN (0x4)
 *(.isr_vector)
 .isr_vector    0x0000000008000000      0x188 ./Startup/startup_stm32f303k8tx.o
                0x0000000008000000                g_pfnVectors
                0x0000000008000188                . = ALIGN (0x4)

.text           0x0000000008000190     0x844c
                0x0000000008000190                . = ALIGN (0x4)
 *(.text)
 .text          0x0000000008000190       0x40 d:/stm32cubeide_1.7.0/stm32cubeide/plugins/com.st.stm32cube.ide.mcu.externaltools.gnu-tools-for-stm32.9-2020-q2-update.win32_2.0.0.202105311346/tools/bin/../lib/gcc/arm-none-eabi/9.3.1/thumb/v7e-m+fp/hard/crtbegin.o
 .text          0x00000000080001d0       0x10 d:/stm32cubeide_1.7.0/stm32cubeide/plugins/com.st.stm32cube.ide.mcu.externaltools.gnu-tools-for-stm32.9-2020-q2-update.win32_2.0.0.202105311346/tools/bin/../lib/gcc/arm-none-eabi/9.3.1/../../../../arm-none-eabi/lib/thumb/v7e-m+fp/hard\libc_nano.a(lib_a-strlen.o)
                0x00000000080001d0                strlen
 .text          0x00000000080001e0       0xa0 d:/stm32cubeide_1.7.0/stm32cubeide/plugins/com.st.stm32cube.ide.mcu.externaltools.gnu-tools-for-stm32.9-2020-q2-update.win32_2.0.0.202105311346/tools/bin/../lib/gcc/arm-none-eabi/9.3.1/../../../../arm-none-eabi/lib/thumb/v7e-m+fp/hard\libc_nano.a(lib_a-memchr.o)
                0x00000000080001e0                memchr
 .text          0x0000000008000280      0x378 d:/stm32cubeide_1.7.0/stm32cubeide/plugins/com.st.stm32cube.ide.mcu.externaltools.gnu-tools-for-stm32.9-2020-q2-update.win32_2.0.0.202105311346/tools/bin/../lib/gcc/arm-none-eabi/9.3.1/thumb/v7e-m+fp/hard\libgcc.a(_arm_addsubdf3.o)
                0x0000000008000280                __aeabi_drsub
                0x0000000008000288                __aeabi_dsub
                0x0000000008000288                __subdf3
                0x000000000800028c                __aeabi_dadd
                0x000000000800028c                __adddf3
                0x0000000008000504                __floatunsidf
                0x0000000008000504                __aeabi_ui2d
                0x0000000008000524                __floatsidf
                0x0000000008000524                __aeabi_i2d
                0x0000000008000548                __aeabi_f2d
                0x0000000008000548                __extendsfdf2
                0x000000000800058c                __floatundidf
                0x000000000800058c                __aeabi_ul2d
                0x000000000800059c                __floatdidf
                0x000000000800059c                __aeabi_l2d
 .text          0x00000000080005f8      0x424 d:/stm32cubeide_1.7.0/stm32cubeide/plugins/com.st.stm32cube.ide.mcu.externaltools.gnu-tools-for-stm32.9-2020-q2-update.win32_2.0.0.202105311346/tools/bin/../lib/gcc/arm-none-eabi/9.3.1/thumb/v7e-m+fp/hard\libgcc.a(_arm_muldivdf3.o)
                0x00000000080005f8                __aeabi_dmul
                0x00000000080005f8                __muldf3
                0x000000000800084c                __divdf3
                0x000000000800084c                __aeabi_ddiv
 .text          0x0000000008000a1c      0x110 d:/stm32cubeide_1.7.0/stm32cubeide/plugins/com.st.stm32cube.ide.mcu.externaltools.gnu-tools-for-stm32.9-2020-q2-update.win32_2.0.0.202105311346/tools/bin/../lib/gcc/arm-none-eabi/9.3.1/thumb/v7e-m+fp/hard\libgcc.a(_arm_cmpdf2.o)
                0x0000000008000a1c                __gtdf2
                0x0000000008000a1c                __gedf2
                0x0000000008000a24                __ltdf2
                0x0000000008000a24                __ledf2
                0x0000000008000a2c                __nedf2
                0x0000000008000a2c                __eqdf2
                0x0000000008000a2c                __cmpdf2
                0x0000000008000aa8                __aeabi_cdrcmple
                0x0000000008000ab8                __aeabi_cdcmpeq
                0x0000000008000ab8                __aeabi_cdcmple
                0x0000000008000ac8                __aeabi_dcmpeq
                0x0000000008000adc                __aeabi_dcmplt
                0x0000000008000af0                __aeabi_dcmple
                0x0000000008000b04                __aeabi_dcmpge
                0x0000000008000b18                __aeabi_dcmpgt
 .text          0x0000000008000b2c       0x2c d:/stm32cubeide_1.7.0/stm32cubeide/plugins/com.st.stm32cube.ide.mcu.externaltools.gnu-tools-for-stm32.9-2020-q2-update.win32_2.0.0.202105311346/tools/bin/../lib/gcc/arm-none-eabi/9.3.1/thumb/v7e-m+fp/hard\libgcc.a(_arm_unorddf2.o)
                0x0000000008000b2c                __unorddf2
                0x0000000008000b2c                __aeabi_dcmpun
 .text          0x0000000008000b58       0x50 d:/stm32cubeide_1.7.0/stm32cubeide/plugins/com.st.stm32cube.ide.mcu.externaltools.gnu-tools-for-stm32.9-2020-q2-update.win32_2.0.0.202105311346/tools/bin/../lib/gcc/arm-none-eabi/9.3.1/thumb/v7e-m+fp/hard\libgcc.a(_arm_fixdfsi.o)
                0x0000000008000b58                __aeabi_d2iz
                0x0000000008000b58                __fixdfsi
 .text          0x0000000008000ba8       0xa0 d:/stm32cubeide_1.7.0/stm32cubeide/plugins/com.st.stm32cube.ide.mcu.externaltools.gnu-tools-for-stm32.9-2020-q2-update.win32_2.0.0.202105311346/tools/bin/../lib/gcc/arm-none-eabi/9.3.1/thumb/v7e-m+fp/hard\libgcc.a(_arm_truncdfsf2.o)
                0x0000000008000ba8                __truncdfsf2
                0x0000000008000ba8                __aeabi_d2f
 *(.text*)
 .text.LL_EXTI_EnableIT_0_31
                0x0000000008000c48       0x24 ./Drivers/STM32F3xx_HAL_Driver/Src/stm32f3xx_ll_exti.o
 .text.LL_EXTI_EnableIT_32_63
                0x0000000008000c6c       0x24 ./Drivers/STM32F3xx_HAL_Driver/Src/stm32f3xx_ll_exti.o
 .text.LL_EXTI_DisableIT_0_31
                0x0000000008000c90       0x28 ./Drivers/STM32F3xx_HAL_Driver/Src/stm32f3xx_ll_exti.o
 .text.LL_EXTI_DisableIT_32_63
                0x0000000008000cb8       0x28 ./Drivers/STM32F3xx_HAL_Driver/Src/stm32f3xx_ll_exti.o
 .text.LL_EXTI_EnableEvent_0_31
                0x0000000008000ce0       0x24 ./Drivers/STM32F3xx_HAL_Driver/Src/stm32f3xx_ll_exti.o
 .text.LL_EXTI_EnableEvent_32_63
                0x0000000008000d04       0x24 ./Drivers/STM32F3xx_HAL_Driver/Src/stm32f3xx_ll_exti.o
 .text.LL_EXTI_DisableEvent_0_31
                0x0000000008000d28       0x28 ./Drivers/STM32F3xx_HAL_Driver/Src/stm32f3xx_ll_exti.o
 .text.LL_EXTI_DisableEvent_32_63
                0x0000000008000d50       0x28 ./Drivers/STM32F3xx_HAL_Driver/Src/stm32f3xx_ll_exti.o
 .text.LL_EXTI_EnableRisingTrig_0_31
                0x0000000008000d78       0x24 ./Drivers/STM32F3xx_HAL_Driver/Src/stm32f3xx_ll_exti.o
 .text.LL_EXTI_EnableRisingTrig_32_63
                0x0000000008000d9c       0x24 ./Drivers/STM32F3xx_HAL_Driver/Src/stm32f3xx_ll_exti.o
 .text.LL_EXTI_DisableRisingTrig_0_31
                0x0000000008000dc0       0x28 ./Drivers/STM32F3xx_HAL_Driver/Src/stm32f3xx_ll_exti.o
 .text.LL_EXTI_DisableRisingTrig_32_63
                0x0000000008000de8       0x28 ./Drivers/STM32F3xx_HAL_Driver/Src/stm32f3xx_ll_exti.o
 .text.LL_EXTI_EnableFallingTrig_0_31
                0x0000000008000e10       0x24 ./Drivers/STM32F3xx_HAL_Driver/Src/stm32f3xx_ll_exti.o
 .text.LL_EXTI_EnableFallingTrig_32_63
                0x0000000008000e34       0x24 ./Drivers/STM32F3xx_HAL_Driver/Src/stm32f3xx_ll_exti.o
 .text.LL_EXTI_DisableFallingTrig_0_31
                0x0000000008000e58       0x28 ./Drivers/STM32F3xx_HAL_Driver/Src/stm32f3xx_ll_exti.o
 .text.LL_EXTI_DisableFallingTrig_32_63
                0x0000000008000e80       0x28 ./Drivers/STM32F3xx_HAL_Driver/Src/stm32f3xx_ll_exti.o
 .text.LL_EXTI_Init
                0x0000000008000ea8      0x1e6 ./Drivers/STM32F3xx_HAL_Driver/Src/stm32f3xx_ll_exti.o
                0x0000000008000ea8                LL_EXTI_Init
 .text.LL_GPIO_SetPinMode
                0x000000000800108e       0x5a ./Drivers/STM32F3xx_HAL_Driver/Src/stm32f3xx_ll_gpio.o
 .text.LL_GPIO_SetPinOutputType
                0x00000000080010e8       0x30 ./Drivers/STM32F3xx_HAL_Driver/Src/stm32f3xx_ll_gpio.o
 .text.LL_GPIO_SetPinSpeed
                0x0000000008001118       0x5a ./Drivers/STM32F3xx_HAL_Driver/Src/stm32f3xx_ll_gpio.o
 .text.LL_GPIO_SetPinPull
                0x0000000008001172       0x5a ./Drivers/STM32F3xx_HAL_Driver/Src/stm32f3xx_ll_gpio.o
 .text.LL_GPIO_SetAFPin_0_7
                0x00000000080011cc       0x5a ./Drivers/STM32F3xx_HAL_Driver/Src/stm32f3xx_ll_gpio.o
 .text.LL_GPIO_SetAFPin_8_15
                0x0000000008001226       0x5e ./Drivers/STM32F3xx_HAL_Driver/Src/stm32f3xx_ll_gpio.o
 .text.LL_GPIO_Init
                0x0000000008001284       0xf4 ./Drivers/STM32F3xx_HAL_Driver/Src/stm32f3xx_ll_gpio.o
                0x0000000008001284                LL_GPIO_Init
 .text.LL_I2C_Enable
                0x0000000008001378       0x20 ./Drivers/STM32F3xx_HAL_Driver/Src/stm32f3xx_ll_i2c.o
 .text.LL_I2C_Disable
                0x0000000008001398       0x20 ./Drivers/STM32F3xx_HAL_Driver/Src/stm32f3xx_ll_i2c.o
 .text.LL_I2C_ConfigFilters
                0x00000000080013b8       0x2e ./Drivers/STM32F3xx_HAL_Driver/Src/stm32f3xx_ll_i2c.o
 .text.LL_I2C_SetOwnAddress1
                0x00000000080013e6       0x30 ./Drivers/STM32F3xx_HAL_Driver/Src/stm32f3xx_ll_i2c.o
 .text.LL_I2C_EnableOwnAddress1
                0x0000000008001416       0x20 ./Drivers/STM32F3xx_HAL_Driver/Src/stm32f3xx_ll_i2c.o
 .text.LL_I2C_DisableOwnAddress1
                0x0000000008001436       0x20 ./Drivers/STM32F3xx_HAL_Driver/Src/stm32f3xx_ll_i2c.o
 .text.LL_I2C_SetTiming
                0x0000000008001456       0x1c ./Drivers/STM32F3xx_HAL_Driver/Src/stm32f3xx_ll_i2c.o
 .text.LL_I2C_SetMode
                0x0000000008001472       0x26 ./Drivers/STM32F3xx_HAL_Driver/Src/stm32f3xx_ll_i2c.o
 .text.LL_I2C_AcknowledgeNextData
                0x0000000008001498       0x26 ./Drivers/STM32F3xx_HAL_Driver/Src/stm32f3xx_ll_i2c.o
 .text.LL_I2C_Init
                0x00000000080014be       0x78 ./Drivers/STM32F3xx_HAL_Driver/Src/stm32f3xx_ll_i2c.o
                0x00000000080014be                LL_I2C_Init
 .text.LL_TIM_SetPrescaler
                0x0000000008001536       0x1c ./Drivers/STM32F3xx_HAL_Driver/Src/stm32f3xx_ll_tim.o
 .text.LL_TIM_SetAutoReload
                0x0000000008001552       0x1c ./Drivers/STM32F3xx_HAL_Driver/Src/stm32f3xx_ll_tim.o
 .text.LL_TIM_SetRepetitionCounter
                0x000000000800156e       0x1c ./Drivers/STM32F3xx_HAL_Driver/Src/stm32f3xx_ll_tim.o
 .text.LL_TIM_OC_SetCompareCH1
                0x000000000800158a       0x1c ./Drivers/STM32F3xx_HAL_Driver/Src/stm32f3xx_ll_tim.o
 .text.LL_TIM_OC_SetCompareCH2
                0x00000000080015a6       0x1c ./Drivers/STM32F3xx_HAL_Driver/Src/stm32f3xx_ll_tim.o
 .text.LL_TIM_OC_SetCompareCH3
                0x00000000080015c2       0x1c ./Drivers/STM32F3xx_HAL_Driver/Src/stm32f3xx_ll_tim.o
 .text.LL_TIM_OC_SetCompareCH4
                0x00000000080015de       0x1c ./Drivers/STM32F3xx_HAL_Driver/Src/stm32f3xx_ll_tim.o
 .text.LL_TIM_OC_SetCompareCH5
                0x00000000080015fa       0x1c ./Drivers/STM32F3xx_HAL_Driver/Src/stm32f3xx_ll_tim.o
 .text.LL_TIM_OC_SetCompareCH6
                0x0000000008001616       0x1c ./Drivers/STM32F3xx_HAL_Driver/Src/stm32f3xx_ll_tim.o
 .text.LL_TIM_GenerateEvent_UPDATE
                0x0000000008001632       0x20 ./Drivers/STM32F3xx_HAL_Driver/Src/stm32f3xx_ll_tim.o
 *fill*         0x0000000008001652        0x2 
 .text.LL_TIM_Init
                0x0000000008001654       0xe8 ./Drivers/STM32F3xx_HAL_Driver/Src/stm32f3xx_ll_tim.o
                0x0000000008001654                LL_TIM_Init
 .text.LL_TIM_OC_Init
                0x000000000800173c       0xbe ./Drivers/STM32F3xx_HAL_Driver/Src/stm32f3xx_ll_tim.o
                0x000000000800173c                LL_TIM_OC_Init
 *fill*         0x00000000080017fa        0x2 
 .text.OC1Config
                0x00000000080017fc      0x100 ./Drivers/STM32F3xx_HAL_Driver/Src/stm32f3xx_ll_tim.o
 .text.OC2Config
                0x00000000080018fc      0x108 ./Drivers/STM32F3xx_HAL_Driver/Src/stm32f3xx_ll_tim.o
 .text.OC3Config
                0x0000000008001a04      0x108 ./Drivers/STM32F3xx_HAL_Driver/Src/stm32f3xx_ll_tim.o
 .text.OC4Config
                0x0000000008001b0c       0xd8 ./Drivers/STM32F3xx_HAL_Driver/Src/stm32f3xx_ll_tim.o
 .text.OC5Config
                0x0000000008001be4       0xc4 ./Drivers/STM32F3xx_HAL_Driver/Src/stm32f3xx_ll_tim.o
 .text.OC6Config
                0x0000000008001ca8       0xc4 ./Drivers/STM32F3xx_HAL_Driver/Src/stm32f3xx_ll_tim.o
 .text.LL_InitTick
                0x0000000008001d6c       0x34 ./Drivers/STM32F3xx_HAL_Driver/Src/stm32f3xx_ll_utils.o
 .text.LL_Init1msTick
                0x0000000008001da0       0x1a ./Drivers/STM32F3xx_HAL_Driver/Src/stm32f3xx_ll_utils.o
                0x0000000008001da0                LL_Init1msTick
 *fill*         0x0000000008001dba        0x2 
 .text.LL_mDelay
                0x0000000008001dbc       0x4c ./Drivers/STM32F3xx_HAL_Driver/Src/stm32f3xx_ll_utils.o
                0x0000000008001dbc                LL_mDelay
 .text.LL_SetSystemCoreClock
                0x0000000008001e08       0x20 ./Drivers/STM32F3xx_HAL_Driver/Src/stm32f3xx_ll_utils.o
                0x0000000008001e08                LL_SetSystemCoreClock
 .text.LL_TIM_ClearFlag_UPDATE
                0x0000000008001e28       0x1c ./Src/display.o
 .text.LL_TIM_IsActiveFlag_UPDATE
                0x0000000008001e44       0x26 ./Src/display.o
 .text.LL_GPIO_SetOutputPin
                0x0000000008001e6a       0x1c ./Src/display.o
 .text.LL_GPIO_ResetOutputPin
                0x0000000008001e86       0x1c ./Src/display.o
 *fill*         0x0000000008001ea2        0x2 
 .text.character_A
                0x0000000008001ea4       0x4c ./Src/display.o
                0x0000000008001ea4                character_A
 .text.character_B
                0x0000000008001ef0       0x40 ./Src/display.o
                0x0000000008001ef0                character_B
 .text.character_C
                0x0000000008001f30       0x34 ./Src/display.o
                0x0000000008001f30                character_C
 .text.character_D
                0x0000000008001f64       0x40 ./Src/display.o
                0x0000000008001f64                character_D
 .text.character_E
                0x0000000008001fa4       0x3c ./Src/display.o
                0x0000000008001fa4                character_E
 .text.character_F
                0x0000000008001fe0       0x34 ./Src/display.o
                0x0000000008001fe0                character_F
 .text.character_G
                0x0000000008002014       0x40 ./Src/display.o
                0x0000000008002014                character_G
 .text.character_H
                0x0000000008002054       0x40 ./Src/display.o
                0x0000000008002054                character_H
 .text.character_I
                0x0000000008002094       0x1e ./Src/display.o
                0x0000000008002094                character_I
 *fill*         0x00000000080020b2        0x2 
 .text.character_J
                0x00000000080020b4       0x38 ./Src/display.o
                0x00000000080020b4                character_J
 .text.character_K
                0x00000000080020ec       0x40 ./Src/display.o
                0x00000000080020ec                character_K
 .text.character_L
                0x000000000800212c       0x2c ./Src/display.o
                0x000000000800212c                character_L
 .text.character_M
                0x0000000008002158       0x34 ./Src/display.o
                0x0000000008002158                character_M
 .text.character_N
                0x000000000800218c       0x2c ./Src/display.o
                0x000000000800218c                character_N
 .text.character_O
                0x00000000080021b8       0x4c ./Src/display.o
                0x00000000080021b8                character_O
 .text.character_P
                0x0000000008002204       0x40 ./Src/display.o
                0x0000000008002204                character_P
 .text.character_Q
                0x0000000008002244       0x40 ./Src/display.o
                0x0000000008002244                character_Q
 .text.character_R
                0x0000000008002284       0x20 ./Src/display.o
                0x0000000008002284                character_R
 .text.character_S
                0x00000000080022a4       0x3c ./Src/display.o
                0x00000000080022a4                character_S
 .text.character_T
                0x00000000080022e0       0x34 ./Src/display.o
                0x00000000080022e0                character_T
 .text.character_U
                0x0000000008002314       0x40 ./Src/display.o
                0x0000000008002314                character_U
 .text.character_V
                0x0000000008002354       0x28 ./Src/display.o
                0x0000000008002354                character_V
 .text.character_W
                0x000000000800237c       0x48 ./Src/display.o
                0x000000000800237c                character_W
 .text.character_X
                0x00000000080023c4       0x28 ./Src/display.o
                0x00000000080023c4                character_X
 .text.character_Y
                0x00000000080023ec       0x3c ./Src/display.o
                0x00000000080023ec                character_Y
 .text.character_Z
                0x0000000008002428       0x3c ./Src/display.o
                0x0000000008002428                character_Z
 .text.character_1
                0x0000000008002464       0x1e ./Src/display.o
                0x0000000008002464                character_1
 *fill*         0x0000000008002482        0x2 
 .text.character_2
                0x0000000008002484       0x3c ./Src/display.o
                0x0000000008002484                character_2
 .text.character_3
                0x00000000080024c0       0x3c ./Src/display.o
                0x00000000080024c0                character_3
 .text.character_4
                0x00000000080024fc       0x34 ./Src/display.o
                0x00000000080024fc                character_4
 .text.character_5
                0x0000000008002530       0x3c ./Src/display.o
                0x0000000008002530                character_5
 .text.character_6
                0x000000000800256c       0x48 ./Src/display.o
                0x000000000800256c                character_6
 .text.character_7
                0x00000000080025b4       0x28 ./Src/display.o
                0x00000000080025b4                character_7
 .text.character_8
                0x00000000080025dc       0x54 ./Src/display.o
                0x00000000080025dc                character_8
 .text.character_9
                0x0000000008002630       0x40 ./Src/display.o
                0x0000000008002630                character_9
 .text.character_0
                0x0000000008002670       0x4c ./Src/display.o
                0x0000000008002670                character_0
 .text.resetSegments
                0x00000000080026bc       0x5c ./Src/display.o
                0x00000000080026bc                resetSegments
 .text.setSegments
                0x0000000008002718       0x5c ./Src/display.o
                0x0000000008002718                setSegments
 .text.resetDigits
                0x0000000008002774       0x40 ./Src/display.o
                0x0000000008002774                resetDigits
 .text.setDigits
                0x00000000080027b4       0x40 ./Src/display.o
                0x00000000080027b4                setDigits
 .text.setDecimalPoint
                0x00000000080027f4       0x14 ./Src/display.o
                0x00000000080027f4                setDecimalPoint
 .text.character_podciar
                0x0000000008002808       0x14 ./Src/display.o
                0x0000000008002808                character_podciar
 .text.character_minus
                0x000000000800281c       0x14 ./Src/display.o
                0x000000000800281c                character_minus
 .text.setDigit
                0x0000000008002830       0x64 ./Src/display.o
                0x0000000008002830                setDigit
 .text.display_update
                0x0000000008002894      0x3ac ./Src/display.o
                0x0000000008002894                display_update
 .text.display_show
                0x0000000008002c40      0x174 ./Src/display.o
                0x0000000008002c40                display_show
 .text.TIM3_IRQHandler
                0x0000000008002db4       0xb8 ./Src/display.o
                0x0000000008002db4                TIM3_IRQHandler
 .text.NVIC_GetPriorityGrouping
                0x0000000008002e6c       0x1c ./Src/gpio.o
 .text.NVIC_EnableIRQ
                0x0000000008002e88       0x34 ./Src/gpio.o
 .text.NVIC_SetPriority
                0x0000000008002ebc       0x54 ./Src/gpio.o
 .text.NVIC_EncodePriority
                0x0000000008002f10       0x66 ./Src/gpio.o
 *fill*         0x0000000008002f76        0x2 
 .text.LL_AHB1_GRP1_EnableClock
                0x0000000008002f78       0x30 ./Src/gpio.o
 .text.LL_SYSCFG_SetEXTISource
                0x0000000008002fa8       0x58 ./Src/gpio.o
 .text.LL_GPIO_SetPinMode
                0x0000000008003000       0x5a ./Src/gpio.o
 .text.LL_GPIO_SetPinPull
                0x000000000800305a       0x5a ./Src/gpio.o
 .text.LL_GPIO_ResetOutputPin
                0x00000000080030b4       0x1c ./Src/gpio.o
 .text.MX_GPIO_Init
                0x00000000080030d0       0xf0 ./Src/gpio.o
                0x00000000080030d0                MX_GPIO_Init
 .text.hts221_read_byte
                0x00000000080031c0       0x34 ./Src/hts221.o
                0x00000000080031c0                hts221_read_byte
 .text.hts221_write_byte
                0x00000000080031f4       0x2c ./Src/hts221.o
                0x00000000080031f4                hts221_write_byte
 .text.hts221_readArray
                0x0000000008003220       0x30 ./Src/hts221.o
                0x0000000008003220                hts221_readArray
 .text.hts221_get_humidity
                0x0000000008003250      0x148 ./Src/hts221.o
                0x0000000008003250                hts221_get_humidity
 .text.hts221_get_temperature
                0x0000000008003398      0x100 ./Src/hts221.o
                0x0000000008003398                hts221_get_temperature
 .text.hts221_init
                0x0000000008003498       0x44 ./Src/hts221.o
                0x0000000008003498                hts221_init
 .text.NVIC_GetPriorityGrouping
                0x00000000080034dc       0x1c ./Src/i2c.o
 .text.NVIC_EnableIRQ
                0x00000000080034f8       0x34 ./Src/i2c.o
 .text.NVIC_SetPriority
                0x000000000800352c       0x54 ./Src/i2c.o
 .text.NVIC_EncodePriority
                0x0000000008003580       0x66 ./Src/i2c.o
 *fill*         0x00000000080035e6        0x2 
 .text.LL_AHB1_GRP1_EnableClock
                0x00000000080035e8       0x30 ./Src/i2c.o
 .text.LL_APB1_GRP1_EnableClock
                0x0000000008003618       0x30 ./Src/i2c.o
 .text.LL_I2C_Enable
                0x0000000008003648       0x20 ./Src/i2c.o
 .text.LL_I2C_EnableClockStretching
                0x0000000008003668       0x20 ./Src/i2c.o
 .text.LL_I2C_DisableGeneralCall
                0x0000000008003688       0x20 ./Src/i2c.o
 .text.LL_I2C_SetOwnAddress2
                0x00000000080036a8       0x30 ./Src/i2c.o
 .text.LL_I2C_DisableOwnAddress2
                0x00000000080036d8       0x20 ./Src/i2c.o
 .text.LL_I2C_EnableIT_RX
                0x00000000080036f8       0x20 ./Src/i2c.o
 .text.LL_I2C_DisableIT_RX
                0x0000000008003718       0x20 ./Src/i2c.o
 .text.LL_I2C_IsActiveFlag_TXIS
                0x0000000008003738       0x26 ./Src/i2c.o
 .text.LL_I2C_IsActiveFlag_RXNE
                0x000000000800375e       0x26 ./Src/i2c.o
 .text.LL_I2C_IsActiveFlag_STOP
                0x0000000008003784       0x26 ./Src/i2c.o
 .text.LL_I2C_ClearFlag_STOP
                0x00000000080037aa       0x20 ./Src/i2c.o
 .text.LL_I2C_EnableAutoEndMode
                0x00000000080037ca       0x20 ./Src/i2c.o
 *fill*         0x00000000080037ea        0x2 
 .text.LL_I2C_HandleTransfer
                0x00000000080037ec       0x4c ./Src/i2c.o
 .text.LL_I2C_ReceiveData8
                0x0000000008003838       0x1a ./Src/i2c.o
 .text.LL_I2C_TransmitData8
                0x0000000008003852       0x1e ./Src/i2c.o
 .text.MX_I2C1_Init
                0x0000000008003870       0xe0 ./Src/i2c.o
                0x0000000008003870                MX_I2C1_Init
 .text.i2c_master_write
                0x0000000008003950       0x88 ./Src/i2c.o
                0x0000000008003950                i2c_master_write
 .text.i2c_master_read
                0x00000000080039d8       0xf4 ./Src/i2c.o
                0x00000000080039d8                i2c_master_read
 .text.I2C1_EV_IRQHandler
                0x0000000008003acc       0x60 ./Src/i2c.o
                0x0000000008003acc                I2C1_EV_IRQHandler
 .text.lps25hb_read_byte
                0x0000000008003b2c       0x34 ./Src/lps25hb.o
                0x0000000008003b2c                lps25hb_read_byte
 .text.lps25hb_write_byte
                0x0000000008003b60       0x2c ./Src/lps25hb.o
                0x0000000008003b60                lps25hb_write_byte
 .text.lps25hb_readArray
                0x0000000008003b8c       0x30 ./Src/lps25hb.o
                0x0000000008003b8c                lps25hb_readArray
 .text.lps25hb_get_pressure
                0x0000000008003bbc       0x84 ./Src/lps25hb.o
                0x0000000008003bbc                lps25hb_get_pressure
 .text.lps25hb_init
                0x0000000008003c40       0x74 ./Src/lps25hb.o
                0x0000000008003c40                lps25hb_init
 .text.NVIC_SetPriorityGrouping
                0x0000000008003cb4       0x48 ./Src/main.o
 .text.LL_RCC_HSI_Enable
                0x0000000008003cfc       0x20 ./Src/main.o
 .text.LL_RCC_HSI_IsReady
                0x0000000008003d1c       0x24 ./Src/main.o
 .text.LL_RCC_HSI_SetCalibTrimming
                0x0000000008003d40       0x2c ./Src/main.o
 .text.LL_RCC_SetSysClkSource
                0x0000000008003d6c       0x28 ./Src/main.o
 .text.LL_RCC_GetSysClkSource
                0x0000000008003d94       0x1c ./Src/main.o
 .text.LL_RCC_SetAHBPrescaler
                0x0000000008003db0       0x28 ./Src/main.o
 .text.LL_RCC_SetAPB1Prescaler
                0x0000000008003dd8       0x28 ./Src/main.o
 .text.LL_RCC_SetAPB2Prescaler
                0x0000000008003e00       0x28 ./Src/main.o
 .text.LL_APB1_GRP1_EnableClock
                0x0000000008003e28       0x30 ./Src/main.o
 .text.LL_APB2_GRP1_EnableClock
                0x0000000008003e58       0x30 ./Src/main.o
 .text.LL_FLASH_SetLatency
                0x0000000008003e88       0x28 ./Src/main.o
 .text.LL_FLASH_GetLatency
                0x0000000008003eb0       0x1c ./Src/main.o
 .text.LL_SYSTICK_SetClkSource
                0x0000000008003ecc       0x38 ./Src/main.o
 .text.LL_SYSTICK_EnableIT
                0x0000000008003f04       0x20 ./Src/main.o
 *fill*         0x0000000008003f24        0x4 
 .text.main     0x0000000008003f28      0x1a8 ./Src/main.o
                0x0000000008003f28                main
 .text.SystemClock_Config
                0x00000000080040d0       0x70 ./Src/main.o
                0x00000000080040d0                SystemClock_Config
 .text.Error_Handler
                0x0000000008004140        0xa ./Src/main.o
                0x0000000008004140                Error_Handler
 *fill*         0x000000000800414a        0x2 
 .text.LL_EXTI_IsActiveFlag_0_31
                0x000000000800414c       0x2c ./Src/stm32f3xx_it.o
 .text.LL_EXTI_ClearFlag_0_31
                0x0000000008004178       0x20 ./Src/stm32f3xx_it.o
 .text.NMI_Handler
                0x0000000008004198        0xe ./Src/stm32f3xx_it.o
                0x0000000008004198                NMI_Handler
 .text.HardFault_Handler
                0x00000000080041a6        0x6 ./Src/stm32f3xx_it.o
                0x00000000080041a6                HardFault_Handler
 .text.MemManage_Handler
                0x00000000080041ac        0x6 ./Src/stm32f3xx_it.o
                0x00000000080041ac                MemManage_Handler
 .text.BusFault_Handler
                0x00000000080041b2        0x6 ./Src/stm32f3xx_it.o
                0x00000000080041b2                BusFault_Handler
 .text.UsageFault_Handler
                0x00000000080041b8        0x6 ./Src/stm32f3xx_it.o
                0x00000000080041b8                UsageFault_Handler
 .text.SVC_Handler
                0x00000000080041be        0xe ./Src/stm32f3xx_it.o
                0x00000000080041be                SVC_Handler
 .text.DebugMon_Handler
                0x00000000080041cc        0xe ./Src/stm32f3xx_it.o
                0x00000000080041cc                DebugMon_Handler
 .text.PendSV_Handler
                0x00000000080041da        0xe ./Src/stm32f3xx_it.o
                0x00000000080041da                PendSV_Handler
 .text.SysTick_Handler
                0x00000000080041e8       0x24 ./Src/stm32f3xx_it.o
                0x00000000080041e8                SysTick_Handler
 .text.EXTI3_IRQHandler
                0x000000000800420c       0x60 ./Src/stm32f3xx_it.o
                0x000000000800420c                EXTI3_IRQHandler
 .text.checkButtonState
                0x000000000800426c       0x7c ./Src/stm32f3xx_it.o
                0x000000000800426c                checkButtonState
 .text._getpid  0x00000000080042e8       0x10 ./Src/syscalls.o
                0x00000000080042e8                _getpid
 .text._kill    0x00000000080042f8       0x20 ./Src/syscalls.o
                0x00000000080042f8                _kill
 .text._exit    0x0000000008004318       0x14 ./Src/syscalls.o
                0x0000000008004318                _exit
 .text._read    0x000000000800432c       0x3a ./Src/syscalls.o
                0x000000000800432c                _read
 .text._write   0x0000000008004366       0x38 ./Src/syscalls.o
                0x0000000008004366                _write
 .text._close   0x000000000800439e       0x18 ./Src/syscalls.o
                0x000000000800439e                _close
 .text._fstat   0x00000000080043b6       0x20 ./Src/syscalls.o
                0x00000000080043b6                _fstat
 .text._isatty  0x00000000080043d6       0x16 ./Src/syscalls.o
                0x00000000080043d6                _isatty
 .text._lseek   0x00000000080043ec       0x1a ./Src/syscalls.o
                0x00000000080043ec                _lseek
 *fill*         0x0000000008004406        0x2 
 .text._sbrk    0x0000000008004408       0x58 ./Src/sysmem.o
                0x0000000008004408                _sbrk
 .text.SystemInit
                0x0000000008004460       0x94 ./Src/system_stm32f3xx.o
                0x0000000008004460                SystemInit
 .text.NVIC_GetPriorityGrouping
                0x00000000080044f4       0x1c ./Src/tim.o
 .text.NVIC_EnableIRQ
                0x0000000008004510       0x34 ./Src/tim.o
 .text.NVIC_SetPriority
                0x0000000008004544       0x54 ./Src/tim.o
 .text.NVIC_EncodePriority
                0x0000000008004598       0x66 ./Src/tim.o
 *fill*         0x00000000080045fe        0x2 
 .text.LL_APB1_GRP1_EnableClock
                0x0000000008004600       0x30 ./Src/tim.o
 .text.LL_TIM_EnableCounter
                0x0000000008004630       0x20 ./Src/tim.o
 .text.LL_TIM_EnableARRPreload
                0x0000000008004650       0x20 ./Src/tim.o
 .text.LL_TIM_OC_DisableFast
                0x0000000008004670       0x9c ./Src/tim.o
 .text.LL_TIM_SetClockSource
                0x000000000800470c       0x2a ./Src/tim.o
 .text.LL_TIM_SetTriggerOutput
                0x0000000008004736       0x26 ./Src/tim.o
 .text.LL_TIM_DisableMasterSlaveMode
                0x000000000800475c       0x20 ./Src/tim.o
 .text.LL_TIM_EnableIT_UPDATE
                0x000000000800477c       0x20 ./Src/tim.o
 .text.MX_TIM3_Init
                0x000000000800479c       0xc4 ./Src/tim.o
                0x000000000800479c                MX_TIM3_Init
 .text.Reset_Handler
                0x0000000008004860       0x50 ./Startup/startup_stm32f303k8tx.o
                0x0000000008004860                Reset_Handler
 .text.Default_Handler
                0x00000000080048b0        0x2 ./Startup/startup_stm32f303k8tx.o
                0x00000000080048b0                RTC_Alarm_IRQHandler
                0x00000000080048b0                TIM1_CC_IRQHandler
                0x00000000080048b0                PVD_IRQHandler
                0x00000000080048b0                TAMP_STAMP_IRQHandler
                0x00000000080048b0                EXTI0_IRQHandler
                0x00000000080048b0                FPU_IRQHandler
                0x00000000080048b0                CAN_TX_IRQHandler
                0x00000000080048b0                TIM1_UP_TIM16_IRQHandler
                0x00000000080048b0                ADC1_2_IRQHandler
                0x00000000080048b0                SPI1_IRQHandler
                0x00000000080048b0                CAN_SCE_IRQHandler
                0x00000000080048b0                DMA1_Channel4_IRQHandler
                0x00000000080048b0                USART3_IRQHandler
                0x00000000080048b0                DMA1_Channel7_IRQHandler
                0x00000000080048b0                TIM7_DAC2_IRQHandler
                0x00000000080048b0                CAN_RX1_IRQHandler
                0x00000000080048b0                DMA1_Channel6_IRQHandler
                0x00000000080048b0                RCC_IRQHandler
                0x00000000080048b0                DMA1_Channel1_IRQHandler
                0x00000000080048b0                Default_Handler
                0x00000000080048b0                EXTI15_10_IRQHandler
                0x00000000080048b0                COMP2_IRQHandler
                0x00000000080048b0                TIM6_DAC1_IRQHandler
                0x00000000080048b0                EXTI9_5_IRQHandler
                0x00000000080048b0                RTC_WKUP_IRQHandler
                0x00000000080048b0                DMA1_Channel5_IRQHandler
                0x00000000080048b0                EXTI4_IRQHandler
                0x00000000080048b0                TIM1_TRG_COM_TIM17_IRQHandler
                0x00000000080048b0                DMA1_Channel3_IRQHandler
                0x00000000080048b0                WWDG_IRQHandler
                0x00000000080048b0                TIM2_IRQHandler
                0x00000000080048b0                EXTI1_IRQHandler
                0x00000000080048b0                COMP4_6_IRQHandler
                0x00000000080048b0                USART2_IRQHandler
                0x00000000080048b0                DMA1_Channel2_IRQHandler
                0x00000000080048b0                FLASH_IRQHandler
                0x00000000080048b0                USART1_IRQHandler
                0x00000000080048b0                CAN_RX0_IRQHandler
                0x00000000080048b0                I2C1_ER_IRQHandler
                0x00000000080048b0                EXTI2_TSC_IRQHandler
                0x00000000080048b0                TIM1_BRK_TIM15_IRQHandler
 *fill*         0x00000000080048b2        0x2 
 .text.__errno  0x00000000080048b4        0xc d:/stm32cubeide_1.7.0/stm32cubeide/plugins/com.st.stm32cube.ide.mcu.externaltools.gnu-tools-for-stm32.9-2020-q2-update.win32_2.0.0.202105311346/tools/bin/../lib/gcc/arm-none-eabi/9.3.1/../../../../arm-none-eabi/lib/thumb/v7e-m+fp/hard\libc_nano.a(lib_a-errno.o)
                0x00000000080048b4                __errno
 .text.__libc_init_array
                0x00000000080048c0       0x48 d:/stm32cubeide_1.7.0/stm32cubeide/plugins/com.st.stm32cube.ide.mcu.externaltools.gnu-tools-for-stm32.9-2020-q2-update.win32_2.0.0.202105311346/tools/bin/../lib/gcc/arm-none-eabi/9.3.1/../../../../arm-none-eabi/lib/thumb/v7e-m+fp/hard\libc_nano.a(lib_a-init.o)
                0x00000000080048c0                __libc_init_array
 .text.memset   0x0000000008004908       0x10 d:/stm32cubeide_1.7.0/stm32cubeide/plugins/com.st.stm32cube.ide.mcu.externaltools.gnu-tools-for-stm32.9-2020-q2-update.win32_2.0.0.202105311346/tools/bin/../lib/gcc/arm-none-eabi/9.3.1/../../../../arm-none-eabi/lib/thumb/v7e-m+fp/hard\libc_nano.a(lib_a-memset.o)
                0x0000000008004908                memset
 .text.__cvt    0x0000000008004918       0xc4 d:/stm32cubeide_1.7.0/stm32cubeide/plugins/com.st.stm32cube.ide.mcu.externaltools.gnu-tools-for-stm32.9-2020-q2-update.win32_2.0.0.202105311346/tools/bin/../lib/gcc/arm-none-eabi/9.3.1/../../../../arm-none-eabi/lib/thumb/v7e-m+fp/hard\libc_nano.a(lib_a-nano-vfprintf_float.o)
                0x0000000008004918                __cvt
 .text.__exponent
                0x00000000080049dc       0x7c d:/stm32cubeide_1.7.0/stm32cubeide/plugins/com.st.stm32cube.ide.mcu.externaltools.gnu-tools-for-stm32.9-2020-q2-update.win32_2.0.0.202105311346/tools/bin/../lib/gcc/arm-none-eabi/9.3.1/../../../../arm-none-eabi/lib/thumb/v7e-m+fp/hard\libc_nano.a(lib_a-nano-vfprintf_float.o)
                0x00000000080049dc                __exponent
 .text._printf_float
                0x0000000008004a58      0x46c d:/stm32cubeide_1.7.0/stm32cubeide/plugins/com.st.stm32cube.ide.mcu.externaltools.gnu-tools-for-stm32.9-2020-q2-update.win32_2.0.0.202105311346/tools/bin/../lib/gcc/arm-none-eabi/9.3.1/../../../../arm-none-eabi/lib/thumb/v7e-m+fp/hard\libc_nano.a(lib_a-nano-vfprintf_float.o)
                0x0000000008004a58                _printf_float
 .text._printf_common
                0x0000000008004ec4       0xda d:/stm32cubeide_1.7.0/stm32cubeide/plugins/com.st.stm32cube.ide.mcu.externaltools.gnu-tools-for-stm32.9-2020-q2-update.win32_2.0.0.202105311346/tools/bin/../lib/gcc/arm-none-eabi/9.3.1/../../../../arm-none-eabi/lib/thumb/v7e-m+fp/hard\libc_nano.a(lib_a-nano-vfprintf_i.o)
                0x0000000008004ec4                _printf_common
 *fill*         0x0000000008004f9e        0x2 
 .text._printf_i
                0x0000000008004fa0      0x24c d:/stm32cubeide_1.7.0/stm32cubeide/plugins/com.st.stm32cube.ide.mcu.externaltools.gnu-tools-for-stm32.9-2020-q2-update.win32_2.0.0.202105311346/tools/bin/../lib/gcc/arm-none-eabi/9.3.1/../../../../arm-none-eabi/lib/thumb/v7e-m+fp/hard\libc_nano.a(lib_a-nano-vfprintf_i.o)
                0x0000000008004fa0                _printf_i
 .text.sprintf  0x00000000080051ec       0x40 d:/stm32cubeide_1.7.0/stm32cubeide/plugins/com.st.stm32cube.ide.mcu.externaltools.gnu-tools-for-stm32.9-2020-q2-update.win32_2.0.0.202105311346/tools/bin/../lib/gcc/arm-none-eabi/9.3.1/../../../../arm-none-eabi/lib/thumb/v7e-m+fp/hard\libc_nano.a(lib_a-sprintf.o)
                0x00000000080051ec                siprintf
                0x00000000080051ec                sprintf
 .text.strchr   0x000000000800522c       0x1a d:/stm32cubeide_1.7.0/stm32cubeide/plugins/com.st.stm32cube.ide.mcu.externaltools.gnu-tools-for-stm32.9-2020-q2-update.win32_2.0.0.202105311346/tools/bin/../lib/gcc/arm-none-eabi/9.3.1/../../../../arm-none-eabi/lib/thumb/v7e-m+fp/hard\libc_nano.a(lib_a-strchr.o)
                0x000000000800522c                strchr
 .text.quorem   0x0000000008005246      0x116 d:/stm32cubeide_1.7.0/stm32cubeide/plugins/com.st.stm32cube.ide.mcu.externaltools.gnu-tools-for-stm32.9-2020-q2-update.win32_2.0.0.202105311346/tools/bin/../lib/gcc/arm-none-eabi/9.3.1/../../../../arm-none-eabi/lib/thumb/v7e-m+fp/hard\libc_nano.a(lib_a-dtoa.o)
 *fill*         0x000000000800535c        0x4 
 .text._dtoa_r  0x0000000008005360      0xbd8 d:/stm32cubeide_1.7.0/stm32cubeide/plugins/com.st.stm32cube.ide.mcu.externaltools.gnu-tools-for-stm32.9-2020-q2-update.win32_2.0.0.202105311346/tools/bin/../lib/gcc/arm-none-eabi/9.3.1/../../../../arm-none-eabi/lib/thumb/v7e-m+fp/hard\libc_nano.a(lib_a-dtoa.o)
                0x0000000008005360                _dtoa_r
 .text._localeconv_r
                0x0000000008005f38        0x8 d:/stm32cubeide_1.7.0/stm32cubeide/plugins/com.st.stm32cube.ide.mcu.externaltools.gnu-tools-for-stm32.9-2020-q2-update.win32_2.0.0.202105311346/tools/bin/../lib/gcc/arm-none-eabi/9.3.1/../../../../arm-none-eabi/lib/thumb/v7e-m+fp/hard\libc_nano.a(lib_a-localeconv.o)
                0x0000000008005f38                _localeconv_r
 .text.malloc   0x0000000008005f40       0x10 d:/stm32cubeide_1.7.0/stm32cubeide/plugins/com.st.stm32cube.ide.mcu.externaltools.gnu-tools-for-stm32.9-2020-q2-update.win32_2.0.0.202105311346/tools/bin/../lib/gcc/arm-none-eabi/9.3.1/../../../../arm-none-eabi/lib/thumb/v7e-m+fp/hard\libc_nano.a(lib_a-malloc.o)
                0x0000000008005f40                malloc
 .text.memcpy   0x0000000008005f50       0x1c d:/stm32cubeide_1.7.0/stm32cubeide/plugins/com.st.stm32cube.ide.mcu.externaltools.gnu-tools-for-stm32.9-2020-q2-update.win32_2.0.0.202105311346/tools/bin/../lib/gcc/arm-none-eabi/9.3.1/../../../../arm-none-eabi/lib/thumb/v7e-m+fp/hard\libc_nano.a(lib_a-memcpy-stub.o)
                0x0000000008005f50                memcpy
 .text._Balloc  0x0000000008005f6c       0x80 d:/stm32cubeide_1.7.0/stm32cubeide/plugins/com.st.stm32cube.ide.mcu.externaltools.gnu-tools-for-stm32.9-2020-q2-update.win32_2.0.0.202105311346/tools/bin/../lib/gcc/arm-none-eabi/9.3.1/../../../../arm-none-eabi/lib/thumb/v7e-m+fp/hard\libc_nano.a(lib_a-mprec.o)
                0x0000000008005f6c                _Balloc
 .text._Bfree   0x0000000008005fec       0x44 d:/stm32cubeide_1.7.0/stm32cubeide/plugins/com.st.stm32cube.ide.mcu.externaltools.gnu-tools-for-stm32.9-2020-q2-update.win32_2.0.0.202105311346/tools/bin/../lib/gcc/arm-none-eabi/9.3.1/../../../../arm-none-eabi/lib/thumb/v7e-m+fp/hard\libc_nano.a(lib_a-mprec.o)
                0x0000000008005fec                _Bfree
 .text.__multadd
                0x0000000008006030       0x94 d:/stm32cubeide_1.7.0/stm32cubeide/plugins/com.st.stm32cube.ide.mcu.externaltools.gnu-tools-for-stm32.9-2020-q2-update.win32_2.0.0.202105311346/tools/bin/../lib/gcc/arm-none-eabi/9.3.1/../../../../arm-none-eabi/lib/thumb/v7e-m+fp/hard\libc_nano.a(lib_a-mprec.o)
                0x0000000008006030                __multadd
 .text.__hi0bits
                0x00000000080060c4       0x40 d:/stm32cubeide_1.7.0/stm32cubeide/plugins/com.st.stm32cube.ide.mcu.externaltools.gnu-tools-for-stm32.9-2020-q2-update.win32_2.0.0.202105311346/tools/bin/../lib/gcc/arm-none-eabi/9.3.1/../../../../arm-none-eabi/lib/thumb/v7e-m+fp/hard\libc_nano.a(lib_a-mprec.o)
                0x00000000080060c4                __hi0bits
 .text.__lo0bits
                0x0000000008006104       0x60 d:/stm32cubeide_1.7.0/stm32cubeide/plugins/com.st.stm32cube.ide.mcu.externaltools.gnu-tools-for-stm32.9-2020-q2-update.win32_2.0.0.202105311346/tools/bin/../lib/gcc/arm-none-eabi/9.3.1/../../../../arm-none-eabi/lib/thumb/v7e-m+fp/hard\libc_nano.a(lib_a-mprec.o)
                0x0000000008006104                __lo0bits
 .text.__i2b    0x0000000008006164       0x2c d:/stm32cubeide_1.7.0/stm32cubeide/plugins/com.st.stm32cube.ide.mcu.externaltools.gnu-tools-for-stm32.9-2020-q2-update.win32_2.0.0.202105311346/tools/bin/../lib/gcc/arm-none-eabi/9.3.1/../../../../arm-none-eabi/lib/thumb/v7e-m+fp/hard\libc_nano.a(lib_a-mprec.o)
                0x0000000008006164                __i2b
 .text.__multiply
                0x0000000008006190      0x14c d:/stm32cubeide_1.7.0/stm32cubeide/plugins/com.st.stm32cube.ide.mcu.externaltools.gnu-tools-for-stm32.9-2020-q2-update.win32_2.0.0.202105311346/tools/bin/../lib/gcc/arm-none-eabi/9.3.1/../../../../arm-none-eabi/lib/thumb/v7e-m+fp/hard\libc_nano.a(lib_a-mprec.o)
                0x0000000008006190                __multiply
 .text.__pow5mult
                0x00000000080062dc       0xb4 d:/stm32cubeide_1.7.0/stm32cubeide/plugins/com.st.stm32cube.ide.mcu.externaltools.gnu-tools-for-stm32.9-2020-q2-update.win32_2.0.0.202105311346/tools/bin/../lib/gcc/arm-none-eabi/9.3.1/../../../../arm-none-eabi/lib/thumb/v7e-m+fp/hard\libc_nano.a(lib_a-mprec.o)
                0x00000000080062dc                __pow5mult
 .text.__lshift
                0x0000000008006390       0xd8 d:/stm32cubeide_1.7.0/stm32cubeide/plugins/com.st.stm32cube.ide.mcu.externaltools.gnu-tools-for-stm32.9-2020-q2-update.win32_2.0.0.202105311346/tools/bin/../lib/gcc/arm-none-eabi/9.3.1/../../../../arm-none-eabi/lib/thumb/v7e-m+fp/hard\libc_nano.a(lib_a-mprec.o)
                0x0000000008006390                __lshift
 .text.__mcmp   0x0000000008006468       0x38 d:/stm32cubeide_1.7.0/stm32cubeide/plugins/com.st.stm32cube.ide.mcu.externaltools.gnu-tools-for-stm32.9-2020-q2-update.win32_2.0.0.202105311346/tools/bin/../lib/gcc/arm-none-eabi/9.3.1/../../../../arm-none-eabi/lib/thumb/v7e-m+fp/hard\libc_nano.a(lib_a-mprec.o)
                0x0000000008006468                __mcmp
 .text.__mdiff  0x00000000080064a0      0x110 d:/stm32cubeide_1.7.0/stm32cubeide/plugins/com.st.stm32cube.ide.mcu.externaltools.gnu-tools-for-stm32.9-2020-q2-update.win32_2.0.0.202105311346/tools/bin/../lib/gcc/arm-none-eabi/9.3.1/../../../../arm-none-eabi/lib/thumb/v7e-m+fp/hard\libc_nano.a(lib_a-mprec.o)
                0x00000000080064a0                __mdiff
 .text.__d2b    0x00000000080065b0       0xb8 d:/stm32cubeide_1.7.0/stm32cubeide/plugins/com.st.stm32cube.ide.mcu.externaltools.gnu-tools-for-stm32.9-2020-q2-update.win32_2.0.0.202105311346/tools/bin/../lib/gcc/arm-none-eabi/9.3.1/../../../../arm-none-eabi/lib/thumb/v7e-m+fp/hard\libc_nano.a(lib_a-mprec.o)
                0x00000000080065b0                __d2b
 .text._calloc_r
                0x0000000008006668       0x1e d:/stm32cubeide_1.7.0/stm32cubeide/plugins/com.st.stm32cube.ide.mcu.externaltools.gnu-tools-for-stm32.9-2020-q2-update.win32_2.0.0.202105311346/tools/bin/../lib/gcc/arm-none-eabi/9.3.1/../../../../arm-none-eabi/lib/thumb/v7e-m+fp/hard\libc_nano.a(lib_a-nano-callocr.o)
                0x0000000008006668                _calloc_r
 *fill*         0x0000000008006686        0x2 
 .text._free_r  0x0000000008006688       0xa0 d:/stm32cubeide_1.7.0/stm32cubeide/plugins/com.st.stm32cube.ide.mcu.externaltools.gnu-tools-for-stm32.9-2020-q2-update.win32_2.0.0.202105311346/tools/bin/../lib/gcc/arm-none-eabi/9.3.1/../../../../arm-none-eabi/lib/thumb/v7e-m+fp/hard\libc_nano.a(lib_a-nano-freer.o)
                0x0000000008006688                _free_r
 .text._malloc_r
                0x0000000008006728       0xb4 d:/stm32cubeide_1.7.0/stm32cubeide/plugins/com.st.stm32cube.ide.mcu.externaltools.gnu-tools-for-stm32.9-2020-q2-update.win32_2.0.0.202105311346/tools/bin/../lib/gcc/arm-none-eabi/9.3.1/../../../../arm-none-eabi/lib/thumb/v7e-m+fp/hard\libc_nano.a(lib_a-nano-mallocr.o)
                0x0000000008006728                _malloc_r
 .text.__ssputs_r
                0x00000000080067dc       0xb6 d:/stm32cubeide_1.7.0/stm32cubeide/plugins/com.st.stm32cube.ide.mcu.externaltools.gnu-tools-for-stm32.9-2020-q2-update.win32_2.0.0.202105311346/tools/bin/../lib/gcc/arm-none-eabi/9.3.1/../../../../arm-none-eabi/lib/thumb/v7e-m+fp/hard\libc_nano.a(lib_a-nano-svfprintf.o)
                0x00000000080067dc                __ssputs_r
 *fill*         0x0000000008006892        0x2 
 .text._svfprintf_r
                0x0000000008006894      0x200 d:/stm32cubeide_1.7.0/stm32cubeide/plugins/com.st.stm32cube.ide.mcu.externaltools.gnu-tools-for-stm32.9-2020-q2-update.win32_2.0.0.202105311346/tools/bin/../lib/gcc/arm-none-eabi/9.3.1/../../../../arm-none-eabi/lib/thumb/v7e-m+fp/hard\libc_nano.a(lib_a-nano-svfprintf.o)
                0x0000000008006894                _svfiprintf_r
                0x0000000008006894                _svfprintf_r
 .text._sbrk_r  0x0000000008006a94       0x20 d:/stm32cubeide_1.7.0/stm32cubeide/plugins/com.st.stm32cube.ide.mcu.externaltools.gnu-tools-for-stm32.9-2020-q2-update.win32_2.0.0.202105311346/tools/bin/../lib/gcc/arm-none-eabi/9.3.1/../../../../arm-none-eabi/lib/thumb/v7e-m+fp/hard\libc_nano.a(lib_a-sbrkr.o)
                0x0000000008006a94                _sbrk_r
 .text.__assert_func
                0x0000000008006ab4       0x3c d:/stm32cubeide_1.7.0/stm32cubeide/plugins/com.st.stm32cube.ide.mcu.externaltools.gnu-tools-for-stm32.9-2020-q2-update.win32_2.0.0.202105311346/tools/bin/../lib/gcc/arm-none-eabi/9.3.1/../../../../arm-none-eabi/lib/thumb/v7e-m+fp/hard\libc_nano.a(lib_a-assert.o)
                0x0000000008006ab4                __assert_func
 .text.fprintf  0x0000000008006af0       0x24 d:/stm32cubeide_1.7.0/stm32cubeide/plugins/com.st.stm32cube.ide.mcu.externaltools.gnu-tools-for-stm32.9-2020-q2-update.win32_2.0.0.202105311346/tools/bin/../lib/gcc/arm-none-eabi/9.3.1/../../../../arm-none-eabi/lib/thumb/v7e-m+fp/hard\libc_nano.a(lib_a-fprintf.o)
                0x0000000008006af0                fiprintf
                0x0000000008006af0                fprintf
 .text.__ascii_mbtowc
                0x0000000008006b14       0x24 d:/stm32cubeide_1.7.0/stm32cubeide/plugins/com.st.stm32cube.ide.mcu.externaltools.gnu-tools-for-stm32.9-2020-q2-update.win32_2.0.0.202105311346/tools/bin/../lib/gcc/arm-none-eabi/9.3.1/../../../../arm-none-eabi/lib/thumb/v7e-m+fp/hard\libc_nano.a(lib_a-mbtowc_r.o)
                0x0000000008006b14                __ascii_mbtowc
 .text.memmove  0x0000000008006b38       0x34 d:/stm32cubeide_1.7.0/stm32cubeide/plugins/com.st.stm32cube.ide.mcu.externaltools.gnu-tools-for-stm32.9-2020-q2-update.win32_2.0.0.202105311346/tools/bin/../lib/gcc/arm-none-eabi/9.3.1/../../../../arm-none-eabi/lib/thumb/v7e-m+fp/hard\libc_nano.a(lib_a-memmove.o)
                0x0000000008006b38                memmove
 .text.__malloc_lock
                0x0000000008006b6c        0xc d:/stm32cubeide_1.7.0/stm32cubeide/plugins/com.st.stm32cube.ide.mcu.externaltools.gnu-tools-for-stm32.9-2020-q2-update.win32_2.0.0.202105311346/tools/bin/../lib/gcc/arm-none-eabi/9.3.1/../../../../arm-none-eabi/lib/thumb/v7e-m+fp/hard\libc_nano.a(lib_a-mlock.o)
                0x0000000008006b6c                __malloc_lock
 .text.__malloc_unlock
                0x0000000008006b78        0xc d:/stm32cubeide_1.7.0/stm32cubeide/plugins/com.st.stm32cube.ide.mcu.externaltools.gnu-tools-for-stm32.9-2020-q2-update.win32_2.0.0.202105311346/tools/bin/../lib/gcc/arm-none-eabi/9.3.1/../../../../arm-none-eabi/lib/thumb/v7e-m+fp/hard\libc_nano.a(lib_a-mlock.o)
                0x0000000008006b78                __malloc_unlock
 .text._realloc_r
                0x0000000008006b84       0x4c d:/stm32cubeide_1.7.0/stm32cubeide/plugins/com.st.stm32cube.ide.mcu.externaltools.gnu-tools-for-stm32.9-2020-q2-update.win32_2.0.0.202105311346/tools/bin/../lib/gcc/arm-none-eabi/9.3.1/../../../../arm-none-eabi/lib/thumb/v7e-m+fp/hard\libc_nano.a(lib_a-nano-reallocr.o)
                0x0000000008006b84                _realloc_r
 .text.__sfputc_r
                0x0000000008006bd0       0x2e d:/stm32cubeide_1.7.0/stm32cubeide/plugins/com.st.stm32cube.ide.mcu.externaltools.gnu-tools-for-stm32.9-2020-q2-update.win32_2.0.0.202105311346/tools/bin/../lib/gcc/arm-none-eabi/9.3.1/../../../../arm-none-eabi/lib/thumb/v7e-m+fp/hard\libc_nano.a(lib_a-nano-vfprintf.o)
 .text.__sfputs_r
                0x0000000008006bfe       0x24 d:/stm32cubeide_1.7.0/stm32cubeide/plugins/com.st.stm32cube.ide.mcu.externaltools.gnu-tools-for-stm32.9-2020-q2-update.win32_2.0.0.202105311346/tools/bin/../lib/gcc/arm-none-eabi/9.3.1/../../../../arm-none-eabi/lib/thumb/v7e-m+fp/hard\libc_nano.a(lib_a-nano-vfprintf.o)
                0x0000000008006bfe                __sfputs_r
 *fill*         0x0000000008006c22        0x2 
 .text._vfprintf_r
                0x0000000008006c24      0x260 d:/stm32cubeide_1.7.0/stm32cubeide/plugins/com.st.stm32cube.ide.mcu.externaltools.gnu-tools-for-stm32.9-2020-q2-update.win32_2.0.0.202105311346/tools/bin/../lib/gcc/arm-none-eabi/9.3.1/../../../../arm-none-eabi/lib/thumb/v7e-m+fp/hard\libc_nano.a(lib_a-nano-vfprintf.o)
                0x0000000008006c24                _vfprintf_r
                0x0000000008006c24                _vfiprintf_r
 .text.__swbuf_r
                0x0000000008006e84       0xa4 d:/stm32cubeide_1.7.0/stm32cubeide/plugins/com.st.stm32cube.ide.mcu.externaltools.gnu-tools-for-stm32.9-2020-q2-update.win32_2.0.0.202105311346/tools/bin/../lib/gcc/arm-none-eabi/9.3.1/../../../../arm-none-eabi/lib/thumb/v7e-m+fp/hard\libc_nano.a(lib_a-wbuf.o)
                0x0000000008006e84                __swbuf_r
 .text.__ascii_wctomb
                0x0000000008006f28       0x1a d:/stm32cubeide_1.7.0/stm32cubeide/plugins/com.st.stm32cube.ide.mcu.externaltools.gnu-tools-for-stm32.9-2020-q2-update.win32_2.0.0.202105311346/tools/bin/../lib/gcc/arm-none-eabi/9.3.1/../../../../arm-none-eabi/lib/thumb/v7e-m+fp/hard\libc_nano.a(lib_a-wctomb_r.o)
                0x0000000008006f28                __ascii_wctomb
 *fill*         0x0000000008006f42        0x2 
 .text.__swsetup_r
                0x0000000008006f44       0xdc d:/stm32cubeide_1.7.0/stm32cubeide/plugins/com.st.stm32cube.ide.mcu.externaltools.gnu-tools-for-stm32.9-2020-q2-update.win32_2.0.0.202105311346/tools/bin/../lib/gcc/arm-none-eabi/9.3.1/../../../../arm-none-eabi/lib/thumb/v7e-m+fp/hard\libc_nano.a(lib_a-wsetup.o)
                0x0000000008006f44                __swsetup_r
 .text.abort    0x0000000008007020        0xe d:/stm32cubeide_1.7.0/stm32cubeide/plugins/com.st.stm32cube.ide.mcu.externaltools.gnu-tools-for-stm32.9-2020-q2-update.win32_2.0.0.202105311346/tools/bin/../lib/gcc/arm-none-eabi/9.3.1/../../../../arm-none-eabi/lib/thumb/v7e-m+fp/hard\libc_nano.a(lib_a-abort.o)
                0x0000000008007020                abort
 *fill*         0x000000000800702e        0x2 
 .text.__sflush_r
                0x0000000008007030      0x10c d:/stm32cubeide_1.7.0/stm32cubeide/plugins/com.st.stm32cube.ide.mcu.externaltools.gnu-tools-for-stm32.9-2020-q2-update.win32_2.0.0.202105311346/tools/bin/../lib/gcc/arm-none-eabi/9.3.1/../../../../arm-none-eabi/lib/thumb/v7e-m+fp/hard\libc_nano.a(lib_a-fflush.o)
                0x0000000008007030                __sflush_r
 .text._fflush_r
                0x000000000800713c       0x78 d:/stm32cubeide_1.7.0/stm32cubeide/plugins/com.st.stm32cube.ide.mcu.externaltools.gnu-tools-for-stm32.9-2020-q2-update.win32_2.0.0.202105311346/tools/bin/../lib/gcc/arm-none-eabi/9.3.1/../../../../arm-none-eabi/lib/thumb/v7e-m+fp/hard\libc_nano.a(lib_a-fflush.o)
                0x000000000800713c                _fflush_r
 .text.std      0x00000000080071b4       0x48 d:/stm32cubeide_1.7.0/stm32cubeide/plugins/com.st.stm32cube.ide.mcu.externaltools.gnu-tools-for-stm32.9-2020-q2-update.win32_2.0.0.202105311346/tools/bin/../lib/gcc/arm-none-eabi/9.3.1/../../../../arm-none-eabi/lib/thumb/v7e-m+fp/hard\libc_nano.a(lib_a-findfp.o)
 .text._cleanup_r
                0x00000000080071fc        0xc d:/stm32cubeide_1.7.0/stm32cubeide/plugins/com.st.stm32cube.ide.mcu.externaltools.gnu-tools-for-stm32.9-2020-q2-update.win32_2.0.0.202105311346/tools/bin/../lib/gcc/arm-none-eabi/9.3.1/../../../../arm-none-eabi/lib/thumb/v7e-m+fp/hard\libc_nano.a(lib_a-findfp.o)
                0x00000000080071fc                _cleanup_r
 .text.__sfmoreglue
                0x0000000008007208       0x2c d:/stm32cubeide_1.7.0/stm32cubeide/plugins/com.st.stm32cube.ide.mcu.externaltools.gnu-tools-for-stm32.9-2020-q2-update.win32_2.0.0.202105311346/tools/bin/../lib/gcc/arm-none-eabi/9.3.1/../../../../arm-none-eabi/lib/thumb/v7e-m+fp/hard\libc_nano.a(lib_a-findfp.o)
                0x0000000008007208                __sfmoreglue
 .text.__sfp_lock_acquire
                0x0000000008007234        0xc d:/stm32cubeide_1.7.0/stm32cubeide/plugins/com.st.stm32cube.ide.mcu.externaltools.gnu-tools-for-stm32.9-2020-q2-update.win32_2.0.0.202105311346/tools/bin/../lib/gcc/arm-none-eabi/9.3.1/../../../../arm-none-eabi/lib/thumb/v7e-m+fp/hard\libc_nano.a(lib_a-findfp.o)
                0x0000000008007234                __sfp_lock_acquire
 .text.__sfp_lock_release
                0x0000000008007240        0xc d:/stm32cubeide_1.7.0/stm32cubeide/plugins/com.st.stm32cube.ide.mcu.externaltools.gnu-tools-for-stm32.9-2020-q2-update.win32_2.0.0.202105311346/tools/bin/../lib/gcc/arm-none-eabi/9.3.1/../../../../arm-none-eabi/lib/thumb/v7e-m+fp/hard\libc_nano.a(lib_a-findfp.o)
                0x0000000008007240                __sfp_lock_release
 .text.__sinit_lock_acquire
                0x000000000800724c        0xc d:/stm32cubeide_1.7.0/stm32cubeide/plugins/com.st.stm32cube.ide.mcu.externaltools.gnu-tools-for-stm32.9-2020-q2-update.win32_2.0.0.202105311346/tools/bin/../lib/gcc/arm-none-eabi/9.3.1/../../../../arm-none-eabi/lib/thumb/v7e-m+fp/hard\libc_nano.a(lib_a-findfp.o)
                0x000000000800724c                __sinit_lock_acquire
 .text.__sinit_lock_release
                0x0000000008007258        0xc d:/stm32cubeide_1.7.0/stm32cubeide/plugins/com.st.stm32cube.ide.mcu.externaltools.gnu-tools-for-stm32.9-2020-q2-update.win32_2.0.0.202105311346/tools/bin/../lib/gcc/arm-none-eabi/9.3.1/../../../../arm-none-eabi/lib/thumb/v7e-m+fp/hard\libc_nano.a(lib_a-findfp.o)
                0x0000000008007258                __sinit_lock_release
 .text.__sinit  0x0000000008007264       0x70 d:/stm32cubeide_1.7.0/stm32cubeide/plugins/com.st.stm32cube.ide.mcu.externaltools.gnu-tools-for-stm32.9-2020-q2-update.win32_2.0.0.202105311346/tools/bin/../lib/gcc/arm-none-eabi/9.3.1/../../../../arm-none-eabi/lib/thumb/v7e-m+fp/hard\libc_nano.a(lib_a-findfp.o)
                0x0000000008007264                __sinit
 .text.__sfp    0x00000000080072d4       0x8c d:/stm32cubeide_1.7.0/stm32cubeide/plugins/com.st.stm32cube.ide.mcu.externaltools.gnu-tools-for-stm32.9-2020-q2-update.win32_2.0.0.202105311346/tools/bin/../lib/gcc/arm-none-eabi/9.3.1/../../../../arm-none-eabi/lib/thumb/v7e-m+fp/hard\libc_nano.a(lib_a-findfp.o)
                0x00000000080072d4                __sfp
 .text._fwalk_reent
                0x0000000008007360       0x3e d:/stm32cubeide_1.7.0/stm32cubeide/plugins/com.st.stm32cube.ide.mcu.externaltools.gnu-tools-for-stm32.9-2020-q2-update.win32_2.0.0.202105311346/tools/bin/../lib/gcc/arm-none-eabi/9.3.1/../../../../arm-none-eabi/lib/thumb/v7e-m+fp/hard\libc_nano.a(lib_a-fwalk.o)
                0x0000000008007360                _fwalk_reent
 .text.__retarget_lock_init_recursive
                0x000000000800739e        0x2 d:/stm32cubeide_1.7.0/stm32cubeide/plugins/com.st.stm32cube.ide.mcu.externaltools.gnu-tools-for-stm32.9-2020-q2-update.win32_2.0.0.202105311346/tools/bin/../lib/gcc/arm-none-eabi/9.3.1/../../../../arm-none-eabi/lib/thumb/v7e-m+fp/hard\libc_nano.a(lib_a-lock.o)
                0x000000000800739e                __retarget_lock_init_recursive
 .text.__retarget_lock_acquire_recursive
                0x00000000080073a0        0x2 d:/stm32cubeide_1.7.0/stm32cubeide/plugins/com.st.stm32cube.ide.mcu.externaltools.gnu-tools-for-stm32.9-2020-q2-update.win32_2.0.0.202105311346/tools/bin/../lib/gcc/arm-none-eabi/9.3.1/../../../../arm-none-eabi/lib/thumb/v7e-m+fp/hard\libc_nano.a(lib_a-lock.o)
                0x00000000080073a0                __retarget_lock_acquire_recursive
 .text.__retarget_lock_release_recursive
                0x00000000080073a2        0x2 d:/stm32cubeide_1.7.0/stm32cubeide/plugins/com.st.stm32cube.ide.mcu.externaltools.gnu-tools-for-stm32.9-2020-q2-update.win32_2.0.0.202105311346/tools/bin/../lib/gcc/arm-none-eabi/9.3.1/../../../../arm-none-eabi/lib/thumb/v7e-m+fp/hard\libc_nano.a(lib_a-lock.o)
                0x00000000080073a2                __retarget_lock_release_recursive
 .text.__swhatbuf_r
                0x00000000080073a4       0x48 d:/stm32cubeide_1.7.0/stm32cubeide/plugins/com.st.stm32cube.ide.mcu.externaltools.gnu-tools-for-stm32.9-2020-q2-update.win32_2.0.0.202105311346/tools/bin/../lib/gcc/arm-none-eabi/9.3.1/../../../../arm-none-eabi/lib/thumb/v7e-m+fp/hard\libc_nano.a(lib_a-makebuf.o)
                0x00000000080073a4                __swhatbuf_r
 .text.__smakebuf_r
                0x00000000080073ec       0x80 d:/stm32cubeide_1.7.0/stm32cubeide/plugins/com.st.stm32cube.ide.mcu.externaltools.gnu-tools-for-stm32.9-2020-q2-update.win32_2.0.0.202105311346/tools/bin/../lib/gcc/arm-none-eabi/9.3.1/../../../../arm-none-eabi/lib/thumb/v7e-m+fp/hard\libc_nano.a(lib_a-makebuf.o)
                0x00000000080073ec                __smakebuf_r
 .text._malloc_usable_size_r
                0x000000000800746c       0x10 d:/stm32cubeide_1.7.0/stm32cubeide/plugins/com.st.stm32cube.ide.mcu.externaltools.gnu-tools-for-stm32.9-2020-q2-update.win32_2.0.0.202105311346/tools/bin/../lib/gcc/arm-none-eabi/9.3.1/../../../../arm-none-eabi/lib/thumb/v7e-m+fp/hard\libc_nano.a(lib_a-nano-msizer.o)
                0x000000000800746c                _malloc_usable_size_r
 .text._raise_r
                0x000000000800747c       0x50 d:/stm32cubeide_1.7.0/stm32cubeide/plugins/com.st.stm32cube.ide.mcu.externaltools.gnu-tools-for-stm32.9-2020-q2-update.win32_2.0.0.202105311346/tools/bin/../lib/gcc/arm-none-eabi/9.3.1/../../../../arm-none-eabi/lib/thumb/v7e-m+fp/hard\libc_nano.a(lib_a-signal.o)
                0x000000000800747c                _raise_r
 .text.raise    0x00000000080074cc       0x10 d:/stm32cubeide_1.7.0/stm32cubeide/plugins/com.st.stm32cube.ide.mcu.externaltools.gnu-tools-for-stm32.9-2020-q2-update.win32_2.0.0.202105311346/tools/bin/../lib/gcc/arm-none-eabi/9.3.1/../../../../arm-none-eabi/lib/thumb/v7e-m+fp/hard\libc_nano.a(lib_a-signal.o)
                0x00000000080074cc                raise
 .text._kill_r  0x00000000080074dc       0x24 d:/stm32cubeide_1.7.0/stm32cubeide/plugins/com.st.stm32cube.ide.mcu.externaltools.gnu-tools-for-stm32.9-2020-q2-update.win32_2.0.0.202105311346/tools/bin/../lib/gcc/arm-none-eabi/9.3.1/../../../../arm-none-eabi/lib/thumb/v7e-m+fp/hard\libc_nano.a(lib_a-signalr.o)
                0x00000000080074dc                _kill_r
 .text._getpid_r
                0x0000000008007500        0x4 d:/stm32cubeide_1.7.0/stm32cubeide/plugins/com.st.stm32cube.ide.mcu.externaltools.gnu-tools-for-stm32.9-2020-q2-update.win32_2.0.0.202105311346/tools/bin/../lib/gcc/arm-none-eabi/9.3.1/../../../../arm-none-eabi/lib/thumb/v7e-m+fp/hard\libc_nano.a(lib_a-signalr.o)
                0x0000000008007500                _getpid_r
 .text.__sread  0x0000000008007504       0x22 d:/stm32cubeide_1.7.0/stm32cubeide/plugins/com.st.stm32cube.ide.mcu.externaltools.gnu-tools-for-stm32.9-2020-q2-update.win32_2.0.0.202105311346/tools/bin/../lib/gcc/arm-none-eabi/9.3.1/../../../../arm-none-eabi/lib/thumb/v7e-m+fp/hard\libc_nano.a(lib_a-stdio.o)
                0x0000000008007504                __sread
 .text.__swrite
                0x0000000008007526       0x38 d:/stm32cubeide_1.7.0/stm32cubeide/plugins/com.st.stm32cube.ide.mcu.externaltools.gnu-tools-for-stm32.9-2020-q2-update.win32_2.0.0.202105311346/tools/bin/../lib/gcc/arm-none-eabi/9.3.1/../../../../arm-none-eabi/lib/thumb/v7e-m+fp/hard\libc_nano.a(lib_a-stdio.o)
                0x0000000008007526                __swrite
 .text.__sseek  0x000000000800755e       0x24 d:/stm32cubeide_1.7.0/stm32cubeide/plugins/com.st.stm32cube.ide.mcu.externaltools.gnu-tools-for-stm32.9-2020-q2-update.win32_2.0.0.202105311346/tools/bin/../lib/gcc/arm-none-eabi/9.3.1/../../../../arm-none-eabi/lib/thumb/v7e-m+fp/hard\libc_nano.a(lib_a-stdio.o)
                0x000000000800755e                __sseek
 .text.__sclose
                0x0000000008007582        0x8 d:/stm32cubeide_1.7.0/stm32cubeide/plugins/com.st.stm32cube.ide.mcu.externaltools.gnu-tools-for-stm32.9-2020-q2-update.win32_2.0.0.202105311346/tools/bin/../lib/gcc/arm-none-eabi/9.3.1/../../../../arm-none-eabi/lib/thumb/v7e-m+fp/hard\libc_nano.a(lib_a-stdio.o)
                0x0000000008007582                __sclose
 *fill*         0x000000000800758a        0x2 
 .text._write_r
                0x000000000800758c       0x24 d:/stm32cubeide_1.7.0/stm32cubeide/plugins/com.st.stm32cube.ide.mcu.externaltools.gnu-tools-for-stm32.9-2020-q2-update.win32_2.0.0.202105311346/tools/bin/../lib/gcc/arm-none-eabi/9.3.1/../../../../arm-none-eabi/lib/thumb/v7e-m+fp/hard\libc_nano.a(lib_a-writer.o)
                0x000000000800758c                _write_r
 .text._close_r
                0x00000000080075b0       0x20 d:/stm32cubeide_1.7.0/stm32cubeide/plugins/com.st.stm32cube.ide.mcu.externaltools.gnu-tools-for-stm32.9-2020-q2-update.win32_2.0.0.202105311346/tools/bin/../lib/gcc/arm-none-eabi/9.3.1/../../../../arm-none-eabi/lib/thumb/v7e-m+fp/hard\libc_nano.a(lib_a-closer.o)
                0x00000000080075b0                _close_r
 .text._fstat_r
                0x00000000080075d0       0x24 d:/stm32cubeide_1.7.0/stm32cubeide/plugins/com.st.stm32cube.ide.mcu.externaltools.gnu-tools-for-stm32.9-2020-q2-update.win32_2.0.0.202105311346/tools/bin/../lib/gcc/arm-none-eabi/9.3.1/../../../../arm-none-eabi/lib/thumb/v7e-m+fp/hard\libc_nano.a(lib_a-fstatr.o)
                0x00000000080075d0                _fstat_r
 .text._isatty_r
                0x00000000080075f4       0x20 d:/stm32cubeide_1.7.0/stm32cubeide/plugins/com.st.stm32cube.ide.mcu.externaltools.gnu-tools-for-stm32.9-2020-q2-update.win32_2.0.0.202105311346/tools/bin/../lib/gcc/arm-none-eabi/9.3.1/../../../../arm-none-eabi/lib/thumb/v7e-m+fp/hard\libc_nano.a(lib_a-isattyr.o)
                0x00000000080075f4                _isatty_r
 .text._lseek_r
                0x0000000008007614       0x24 d:/stm32cubeide_1.7.0/stm32cubeide/plugins/com.st.stm32cube.ide.mcu.externaltools.gnu-tools-for-stm32.9-2020-q2-update.win32_2.0.0.202105311346/tools/bin/../lib/gcc/arm-none-eabi/9.3.1/../../../../arm-none-eabi/lib/thumb/v7e-m+fp/hard\libc_nano.a(lib_a-lseekr.o)
                0x0000000008007614                _lseek_r
 .text._read_r  0x0000000008007638       0x24 d:/stm32cubeide_1.7.0/stm32cubeide/plugins/com.st.stm32cube.ide.mcu.externaltools.gnu-tools-for-stm32.9-2020-q2-update.win32_2.0.0.202105311346/tools/bin/../lib/gcc/arm-none-eabi/9.3.1/../../../../arm-none-eabi/lib/thumb/v7e-m+fp/hard\libc_nano.a(lib_a-readr.o)
                0x0000000008007638                _read_r
 .text.pow      0x000000000800765c      0x15c d:/stm32cubeide_1.7.0/stm32cubeide/plugins/com.st.stm32cube.ide.mcu.externaltools.gnu-tools-for-stm32.9-2020-q2-update.win32_2.0.0.202105311346/tools/bin/../lib/gcc/arm-none-eabi/9.3.1/../../../../arm-none-eabi/lib/thumb/v7e-m+fp/hard\libm.a(lib_a-w_pow.o)
                0x000000000800765c                pow
 .text.__ieee754_pow
                0x00000000080077b8      0xa44 d:/stm32cubeide_1.7.0/stm32cubeide/plugins/com.st.stm32cube.ide.mcu.externaltools.gnu-tools-for-stm32.9-2020-q2-update.win32_2.0.0.202105311346/tools/bin/../lib/gcc/arm-none-eabi/9.3.1/../../../../arm-none-eabi/lib/thumb/v7e-m+fp/hard\libm.a(lib_a-e_pow.o)
                0x00000000080077b8                __ieee754_pow
 .text.__ieee754_sqrt
                0x00000000080081fc      0x168 d:/stm32cubeide_1.7.0/stm32cubeide/plugins/com.st.stm32cube.ide.mcu.externaltools.gnu-tools-for-stm32.9-2020-q2-update.win32_2.0.0.202105311346/tools/bin/../lib/gcc/arm-none-eabi/9.3.1/../../../../arm-none-eabi/lib/thumb/v7e-m+fp/hard\libm.a(lib_a-e_sqrt.o)
                0x00000000080081fc                __ieee754_sqrt
 .text.fabs     0x0000000008008364       0x12 d:/stm32cubeide_1.7.0/stm32cubeide/plugins/com.st.stm32cube.ide.mcu.externaltools.gnu-tools-for-stm32.9-2020-q2-update.win32_2.0.0.202105311346/tools/bin/../lib/gcc/arm-none-eabi/9.3.1/../../../../arm-none-eabi/lib/thumb/v7e-m+fp/hard\libm.a(lib_a-s_fabs.o)
                0x0000000008008364                fabs
 .text.finite   0x0000000008008376       0x16 d:/stm32cubeide_1.7.0/stm32cubeide/plugins/com.st.stm32cube.ide.mcu.externaltools.gnu-tools-for-stm32.9-2020-q2-update.win32_2.0.0.202105311346/tools/bin/../lib/gcc/arm-none-eabi/9.3.1/../../../../arm-none-eabi/lib/thumb/v7e-m+fp/hard\libm.a(lib_a-s_finite.o)
                0x0000000008008376                finite
 *fill*         0x000000000800838c        0x4 
 .text.nan      0x0000000008008390       0x10 d:/stm32cubeide_1.7.0/stm32cubeide/plugins/com.st.stm32cube.ide.mcu.externaltools.gnu-tools-for-stm32.9-2020-q2-update.win32_2.0.0.202105311346/tools/bin/../lib/gcc/arm-none-eabi/9.3.1/../../../../arm-none-eabi/lib/thumb/v7e-m+fp/hard\libm.a(lib_a-s_nan.o)
                0x0000000008008390                nan
 .text.rint     0x00000000080083a0      0x114 d:/stm32cubeide_1.7.0/stm32cubeide/plugins/com.st.stm32cube.ide.mcu.externaltools.gnu-tools-for-stm32.9-2020-q2-update.win32_2.0.0.202105311346/tools/bin/../lib/gcc/arm-none-eabi/9.3.1/../../../../arm-none-eabi/lib/thumb/v7e-m+fp/hard\libm.a(lib_a-s_rint.o)
                0x00000000080083a0                rint
 *fill*         0x00000000080084b4        0x4 
 .text.scalbn   0x00000000080084b8      0x10c d:/stm32cubeide_1.7.0/stm32cubeide/plugins/com.st.stm32cube.ide.mcu.externaltools.gnu-tools-for-stm32.9-2020-q2-update.win32_2.0.0.202105311346/tools/bin/../lib/gcc/arm-none-eabi/9.3.1/../../../../arm-none-eabi/lib/thumb/v7e-m+fp/hard\libm.a(lib_a-s_scalbn.o)
                0x00000000080084b8                scalbn
 *(.glue_7)
 .glue_7        0x00000000080085c4        0x0 linker stubs
 *(.glue_7t)
 .glue_7t       0x00000000080085c4        0x0 linker stubs
 *(.eh_frame)
 .eh_frame      0x00000000080085c4        0x0 d:/stm32cubeide_1.7.0/stm32cubeide/plugins/com.st.stm32cube.ide.mcu.externaltools.gnu-tools-for-stm32.9-2020-q2-update.win32_2.0.0.202105311346/tools/bin/../lib/gcc/arm-none-eabi/9.3.1/thumb/v7e-m+fp/hard/crtbegin.o
 *(.init)
 .init          0x00000000080085c4        0x4 d:/stm32cubeide_1.7.0/stm32cubeide/plugins/com.st.stm32cube.ide.mcu.externaltools.gnu-tools-for-stm32.9-2020-q2-update.win32_2.0.0.202105311346/tools/bin/../lib/gcc/arm-none-eabi/9.3.1/thumb/v7e-m+fp/hard/crti.o
                0x00000000080085c4                _init
 .init          0x00000000080085c8        0x8 d:/stm32cubeide_1.7.0/stm32cubeide/plugins/com.st.stm32cube.ide.mcu.externaltools.gnu-tools-for-stm32.9-2020-q2-update.win32_2.0.0.202105311346/tools/bin/../lib/gcc/arm-none-eabi/9.3.1/thumb/v7e-m+fp/hard/crtn.o
 *(.fini)
 .fini          0x00000000080085d0        0x4 d:/stm32cubeide_1.7.0/stm32cubeide/plugins/com.st.stm32cube.ide.mcu.externaltools.gnu-tools-for-stm32.9-2020-q2-update.win32_2.0.0.202105311346/tools/bin/../lib/gcc/arm-none-eabi/9.3.1/thumb/v7e-m+fp/hard/crti.o
                0x00000000080085d0                _fini
 .fini          0x00000000080085d4        0x8 d:/stm32cubeide_1.7.0/stm32cubeide/plugins/com.st.stm32cube.ide.mcu.externaltools.gnu-tools-for-stm32.9-2020-q2-update.win32_2.0.0.202105311346/tools/bin/../lib/gcc/arm-none-eabi/9.3.1/thumb/v7e-m+fp/hard/crtn.o
                0x00000000080085dc                . = ALIGN (0x4)
                0x00000000080085dc                _etext = .

.vfp11_veneer   0x00000000080085dc        0x0
 .vfp11_veneer  0x00000000080085dc        0x0 linker stubs

.v4_bx          0x00000000080085dc        0x0
 .v4_bx         0x00000000080085dc        0x0 linker stubs

.iplt           0x00000000080085dc        0x0
 .iplt          0x00000000080085dc        0x0 d:/stm32cubeide_1.7.0/stm32cubeide/plugins/com.st.stm32cube.ide.mcu.externaltools.gnu-tools-for-stm32.9-2020-q2-update.win32_2.0.0.202105311346/tools/bin/../lib/gcc/arm-none-eabi/9.3.1/thumb/v7e-m+fp/hard/crtbegin.o

.rodata         0x00000000080085e0      0x468
                0x00000000080085e0                . = ALIGN (0x4)
 *(.rodata)
 .rodata        0x00000000080085e0       0x27 ./Src/main.o
 *(.rodata*)
 *fill*         0x0000000008008607        0x1 
 .rodata.OFFSET_TAB_CCMRx
                0x0000000008008608        0x9 ./Src/tim.o
 *fill*         0x0000000008008611        0x3 
 .rodata.SHIFT_TAB_OCxx
                0x0000000008008614        0x9 ./Src/tim.o
 *fill*         0x000000000800861d        0x3 
 .rodata._global_impure_ptr
                0x0000000008008620        0x4 d:/stm32cubeide_1.7.0/stm32cubeide/plugins/com.st.stm32cube.ide.mcu.externaltools.gnu-tools-for-stm32.9-2020-q2-update.win32_2.0.0.202105311346/tools/bin/../lib/gcc/arm-none-eabi/9.3.1/../../../../arm-none-eabi/lib/thumb/v7e-m+fp/hard\libc_nano.a(lib_a-impure.o)
                0x0000000008008620                _global_impure_ptr
 .rodata._printf_float.str1.1
                0x0000000008008624       0x12 d:/stm32cubeide_1.7.0/stm32cubeide/plugins/com.st.stm32cube.ide.mcu.externaltools.gnu-tools-for-stm32.9-2020-q2-update.win32_2.0.0.202105311346/tools/bin/../lib/gcc/arm-none-eabi/9.3.1/../../../../arm-none-eabi/lib/thumb/v7e-m+fp/hard\libc_nano.a(lib_a-nano-vfprintf_float.o)
 .rodata._printf_i.str1.1
                0x0000000008008636       0x22 d:/stm32cubeide_1.7.0/stm32cubeide/plugins/com.st.stm32cube.ide.mcu.externaltools.gnu-tools-for-stm32.9-2020-q2-update.win32_2.0.0.202105311346/tools/bin/../lib/gcc/arm-none-eabi/9.3.1/../../../../arm-none-eabi/lib/thumb/v7e-m+fp/hard\libc_nano.a(lib_a-nano-vfprintf_i.o)
 .rodata._dtoa_r.str1.1
                0x0000000008008658       0x94 d:/stm32cubeide_1.7.0/stm32cubeide/plugins/com.st.stm32cube.ide.mcu.externaltools.gnu-tools-for-stm32.9-2020-q2-update.win32_2.0.0.202105311346/tools/bin/../lib/gcc/arm-none-eabi/9.3.1/../../../../arm-none-eabi/lib/thumb/v7e-m+fp/hard\libc_nano.a(lib_a-dtoa.o)
                                         0x96 (size before relaxing)
 .rodata._Balloc.str1.1
                0x00000000080086ec       0x60 d:/stm32cubeide_1.7.0/stm32cubeide/plugins/com.st.stm32cube.ide.mcu.externaltools.gnu-tools-for-stm32.9-2020-q2-update.win32_2.0.0.202105311346/tools/bin/../lib/gcc/arm-none-eabi/9.3.1/../../../../arm-none-eabi/lib/thumb/v7e-m+fp/hard\libc_nano.a(lib_a-mprec.o)
                                         0x77 (size before relaxing)
 .rodata.__multadd.str1.1
                0x000000000800874c       0x11 d:/stm32cubeide_1.7.0/stm32cubeide/plugins/com.st.stm32cube.ide.mcu.externaltools.gnu-tools-for-stm32.9-2020-q2-update.win32_2.0.0.202105311346/tools/bin/../lib/gcc/arm-none-eabi/9.3.1/../../../../arm-none-eabi/lib/thumb/v7e-m+fp/hard\libc_nano.a(lib_a-mprec.o)
 *fill*         0x000000000800874c        0x4 
 .rodata.__mprec_bigtens
                0x0000000008008750       0x28 d:/stm32cubeide_1.7.0/stm32cubeide/plugins/com.st.stm32cube.ide.mcu.externaltools.gnu-tools-for-stm32.9-2020-q2-update.win32_2.0.0.202105311346/tools/bin/../lib/gcc/arm-none-eabi/9.3.1/../../../../arm-none-eabi/lib/thumb/v7e-m+fp/hard\libc_nano.a(lib_a-mprec.o)
                0x0000000008008750                __mprec_bigtens
 .rodata.__mprec_tens
                0x0000000008008778       0xc8 d:/stm32cubeide_1.7.0/stm32cubeide/plugins/com.st.stm32cube.ide.mcu.externaltools.gnu-tools-for-stm32.9-2020-q2-update.win32_2.0.0.202105311346/tools/bin/../lib/gcc/arm-none-eabi/9.3.1/../../../../arm-none-eabi/lib/thumb/v7e-m+fp/hard\libc_nano.a(lib_a-mprec.o)
                0x0000000008008778                __mprec_tens
 .rodata.p05.7513
                0x0000000008008840        0xc d:/stm32cubeide_1.7.0/stm32cubeide/plugins/com.st.stm32cube.ide.mcu.externaltools.gnu-tools-for-stm32.9-2020-q2-update.win32_2.0.0.202105311346/tools/bin/../lib/gcc/arm-none-eabi/9.3.1/../../../../arm-none-eabi/lib/thumb/v7e-m+fp/hard\libc_nano.a(lib_a-mprec.o)
 .rodata._svfprintf_r.str1.1
                0x000000000800884c       0x11 d:/stm32cubeide_1.7.0/stm32cubeide/plugins/com.st.stm32cube.ide.mcu.externaltools.gnu-tools-for-stm32.9-2020-q2-update.win32_2.0.0.202105311346/tools/bin/../lib/gcc/arm-none-eabi/9.3.1/../../../../arm-none-eabi/lib/thumb/v7e-m+fp/hard\libc_nano.a(lib_a-nano-svfprintf.o)
 .rodata.__assert_func.str1.1
                0x000000000800885d       0x3c d:/stm32cubeide_1.7.0/stm32cubeide/plugins/com.st.stm32cube.ide.mcu.externaltools.gnu-tools-for-stm32.9-2020-q2-update.win32_2.0.0.202105311346/tools/bin/../lib/gcc/arm-none-eabi/9.3.1/../../../../arm-none-eabi/lib/thumb/v7e-m+fp/hard\libc_nano.a(lib_a-assert.o)
                                         0x3d (size before relaxing)
 .rodata._setlocale_r.str1.1
                0x0000000008008899        0x8 d:/stm32cubeide_1.7.0/stm32cubeide/plugins/com.st.stm32cube.ide.mcu.externaltools.gnu-tools-for-stm32.9-2020-q2-update.win32_2.0.0.202105311346/tools/bin/../lib/gcc/arm-none-eabi/9.3.1/../../../../arm-none-eabi/lib/thumb/v7e-m+fp/hard\libc_nano.a(lib_a-locale.o)
                                          0x9 (size before relaxing)
 .rodata.str1.1
                0x00000000080088a1        0x2 d:/stm32cubeide_1.7.0/stm32cubeide/plugins/com.st.stm32cube.ide.mcu.externaltools.gnu-tools-for-stm32.9-2020-q2-update.win32_2.0.0.202105311346/tools/bin/../lib/gcc/arm-none-eabi/9.3.1/../../../../arm-none-eabi/lib/thumb/v7e-m+fp/hard\libc_nano.a(lib_a-locale.o)
 .rodata._vfprintf_r.str1.1
                0x00000000080088a3       0x11 d:/stm32cubeide_1.7.0/stm32cubeide/plugins/com.st.stm32cube.ide.mcu.externaltools.gnu-tools-for-stm32.9-2020-q2-update.win32_2.0.0.202105311346/tools/bin/../lib/gcc/arm-none-eabi/9.3.1/../../../../arm-none-eabi/lib/thumb/v7e-m+fp/hard\libc_nano.a(lib_a-nano-vfprintf.o)
 .rodata._ctype_
                0x00000000080088a3      0x101 d:/stm32cubeide_1.7.0/stm32cubeide/plugins/com.st.stm32cube.ide.mcu.externaltools.gnu-tools-for-stm32.9-2020-q2-update.win32_2.0.0.202105311346/tools/bin/../lib/gcc/arm-none-eabi/9.3.1/../../../../arm-none-eabi/lib/thumb/v7e-m+fp/hard\libc_nano.a(lib_a-ctype_.o)
                0x00000000080088a3                _ctype_
 .rodata.__sf_fake_stderr
                0x00000000080089a4       0x20 d:/stm32cubeide_1.7.0/stm32cubeide/plugins/com.st.stm32cube.ide.mcu.externaltools.gnu-tools-for-stm32.9-2020-q2-update.win32_2.0.0.202105311346/tools/bin/../lib/gcc/arm-none-eabi/9.3.1/../../../../arm-none-eabi/lib/thumb/v7e-m+fp/hard\libc_nano.a(lib_a-findfp.o)
                0x00000000080089a4                __sf_fake_stderr
 .rodata.__sf_fake_stdin
                0x00000000080089c4       0x20 d:/stm32cubeide_1.7.0/stm32cubeide/plugins/com.st.stm32cube.ide.mcu.externaltools.gnu-tools-for-stm32.9-2020-q2-update.win32_2.0.0.202105311346/tools/bin/../lib/gcc/arm-none-eabi/9.3.1/../../../../arm-none-eabi/lib/thumb/v7e-m+fp/hard\libc_nano.a(lib_a-findfp.o)
                0x00000000080089c4                __sf_fake_stdin
 .rodata.__sf_fake_stdout
                0x00000000080089e4       0x20 d:/stm32cubeide_1.7.0/stm32cubeide/plugins/com.st.stm32cube.ide.mcu.externaltools.gnu-tools-for-stm32.9-2020-q2-update.win32_2.0.0.202105311346/tools/bin/../lib/gcc/arm-none-eabi/9.3.1/../../../../arm-none-eabi/lib/thumb/v7e-m+fp/hard\libc_nano.a(lib_a-findfp.o)
                0x00000000080089e4                __sf_fake_stdout
 .rodata.__ieee754_pow.str1.1
                0x0000000008008a04        0x1 d:/stm32cubeide_1.7.0/stm32cubeide/plugins/com.st.stm32cube.ide.mcu.externaltools.gnu-tools-for-stm32.9-2020-q2-update.win32_2.0.0.202105311346/tools/bin/../lib/gcc/arm-none-eabi/9.3.1/../../../../arm-none-eabi/lib/thumb/v7e-m+fp/hard\libm.a(lib_a-e_pow.o)
 *fill*         0x0000000008008a04        0x4 
 .rodata.bp     0x0000000008008a08       0x10 d:/stm32cubeide_1.7.0/stm32cubeide/plugins/com.st.stm32cube.ide.mcu.externaltools.gnu-tools-for-stm32.9-2020-q2-update.win32_2.0.0.202105311346/tools/bin/../lib/gcc/arm-none-eabi/9.3.1/../../../../arm-none-eabi/lib/thumb/v7e-m+fp/hard\libm.a(lib_a-e_pow.o)
 .rodata.dp_h   0x0000000008008a18       0x10 d:/stm32cubeide_1.7.0/stm32cubeide/plugins/com.st.stm32cube.ide.mcu.externaltools.gnu-tools-for-stm32.9-2020-q2-update.win32_2.0.0.202105311346/tools/bin/../lib/gcc/arm-none-eabi/9.3.1/../../../../arm-none-eabi/lib/thumb/v7e-m+fp/hard\libm.a(lib_a-e_pow.o)
 .rodata.dp_l   0x0000000008008a28       0x10 d:/stm32cubeide_1.7.0/stm32cubeide/plugins/com.st.stm32cube.ide.mcu.externaltools.gnu-tools-for-stm32.9-2020-q2-update.win32_2.0.0.202105311346/tools/bin/../lib/gcc/arm-none-eabi/9.3.1/../../../../arm-none-eabi/lib/thumb/v7e-m+fp/hard\libm.a(lib_a-e_pow.o)
 .rodata.TWO52  0x0000000008008a38       0x10 d:/stm32cubeide_1.7.0/stm32cubeide/plugins/com.st.stm32cube.ide.mcu.externaltools.gnu-tools-for-stm32.9-2020-q2-update.win32_2.0.0.202105311346/tools/bin/../lib/gcc/arm-none-eabi/9.3.1/../../../../arm-none-eabi/lib/thumb/v7e-m+fp/hard\libm.a(lib_a-s_rint.o)
                0x0000000008008a48                . = ALIGN (0x4)

.rel.dyn        0x0000000008008a48        0x0
 .rel.iplt      0x0000000008008a48        0x0 d:/stm32cubeide_1.7.0/stm32cubeide/plugins/com.st.stm32cube.ide.mcu.externaltools.gnu-tools-for-stm32.9-2020-q2-update.win32_2.0.0.202105311346/tools/bin/../lib/gcc/arm-none-eabi/9.3.1/thumb/v7e-m+fp/hard/crtbegin.o

.ARM.extab      0x0000000008008a48        0x0
                0x0000000008008a48                . = ALIGN (0x4)
 *(.ARM.extab* .gnu.linkonce.armextab.*)
                0x0000000008008a48                . = ALIGN (0x4)

.ARM            0x0000000008008a48        0x0
                0x0000000008008a48                . = ALIGN (0x4)
                0x0000000008008a48                __exidx_start = .
 *(.ARM.exidx*)
                0x0000000008008a48                __exidx_end = .
                0x0000000008008a48                . = ALIGN (0x4)

.preinit_array  0x0000000008008a48        0x0
                0x0000000008008a48                . = ALIGN (0x4)
                0x0000000008008a48                PROVIDE (__preinit_array_start = .)
 *(.preinit_array*)
                0x0000000008008a48                PROVIDE (__preinit_array_end = .)
                0x0000000008008a48                . = ALIGN (0x4)

.init_array     0x0000000008008a48        0x4
                0x0000000008008a48                . = ALIGN (0x4)
                0x0000000008008a48                PROVIDE (__init_array_start = .)
 *(SORT_BY_NAME(.init_array.*))
 *(.init_array*)
 .init_array    0x0000000008008a48        0x4 d:/stm32cubeide_1.7.0/stm32cubeide/plugins/com.st.stm32cube.ide.mcu.externaltools.gnu-tools-for-stm32.9-2020-q2-update.win32_2.0.0.202105311346/tools/bin/../lib/gcc/arm-none-eabi/9.3.1/thumb/v7e-m+fp/hard/crtbegin.o
                0x0000000008008a4c                PROVIDE (__init_array_end = .)
                0x0000000008008a4c                . = ALIGN (0x4)

.fini_array     0x0000000008008a4c        0x4
                0x0000000008008a4c                . = ALIGN (0x4)
                [!provide]                        PROVIDE (__fini_array_start = .)
 *(SORT_BY_NAME(.fini_array.*))
 *(.fini_array*)
 .fini_array    0x0000000008008a4c        0x4 d:/stm32cubeide_1.7.0/stm32cubeide/plugins/com.st.stm32cube.ide.mcu.externaltools.gnu-tools-for-stm32.9-2020-q2-update.win32_2.0.0.202105311346/tools/bin/../lib/gcc/arm-none-eabi/9.3.1/thumb/v7e-m+fp/hard/crtbegin.o
                [!provide]                        PROVIDE (__fini_array_end = .)
                0x0000000008008a50                . = ALIGN (0x4)
                0x0000000008008a50                _sidata = LOADADDR (.data)

.data           0x0000000020000000      0x1dc load address 0x0000000008008a50
                0x0000000020000000                . = ALIGN (0x4)
                0x0000000020000000                _sdata = .
 *(.data)
 *(.data*)
 .data.start    0x0000000020000000        0x1 ./Src/display.o
                0x0000000020000000                start
 .data.addres_hts221
                0x0000000020000001        0x1 ./Src/hts221.o
                0x0000000020000001                addres_hts221
 .data.addres_lps25hb
                0x0000000020000002        0x1 ./Src/lps25hb.o
                0x0000000020000002                addres_lps25hb
 *fill*         0x0000000020000003        0x1 
 .data.SystemCoreClock
                0x0000000020000004        0x4 ./Src/system_stm32f3xx.o
                0x0000000020000004                SystemCoreClock
 .data._impure_ptr
                0x0000000020000008        0x4 d:/stm32cubeide_1.7.0/stm32cubeide/plugins/com.st.stm32cube.ide.mcu.externaltools.gnu-tools-for-stm32.9-2020-q2-update.win32_2.0.0.202105311346/tools/bin/../lib/gcc/arm-none-eabi/9.3.1/../../../../arm-none-eabi/lib/thumb/v7e-m+fp/hard\libc_nano.a(lib_a-impure.o)
                0x0000000020000008                _impure_ptr
 .data.impure_data
                0x000000002000000c       0x60 d:/stm32cubeide_1.7.0/stm32cubeide/plugins/com.st.stm32cube.ide.mcu.externaltools.gnu-tools-for-stm32.9-2020-q2-update.win32_2.0.0.202105311346/tools/bin/../lib/gcc/arm-none-eabi/9.3.1/../../../../arm-none-eabi/lib/thumb/v7e-m+fp/hard\libc_nano.a(lib_a-impure.o)
 .data.__global_locale
                0x000000002000006c      0x16c d:/stm32cubeide_1.7.0/stm32cubeide/plugins/com.st.stm32cube.ide.mcu.externaltools.gnu-tools-for-stm32.9-2020-q2-update.win32_2.0.0.202105311346/tools/bin/../lib/gcc/arm-none-eabi/9.3.1/../../../../arm-none-eabi/lib/thumb/v7e-m+fp/hard\libc_nano.a(lib_a-locale.o)
                0x000000002000006c                __global_locale
 .data.__fdlib_version
                0x00000000200001d8        0x1 d:/stm32cubeide_1.7.0/stm32cubeide/plugins/com.st.stm32cube.ide.mcu.externaltools.gnu-tools-for-stm32.9-2020-q2-update.win32_2.0.0.202105311346/tools/bin/../lib/gcc/arm-none-eabi/9.3.1/../../../../arm-none-eabi/lib/thumb/v7e-m+fp/hard\libm.a(lib_a-s_lib_ver.o)
                0x00000000200001d8                __fdlib_version
                0x00000000200001dc                . = ALIGN (0x4)
 *fill*         0x00000000200001d9        0x3 
                0x00000000200001dc                _edata = .

.igot.plt       0x00000000200001dc        0x0 load address 0x0000000008008c2c
 .igot.plt      0x00000000200001dc        0x0 d:/stm32cubeide_1.7.0/stm32cubeide/plugins/com.st.stm32cube.ide.mcu.externaltools.gnu-tools-for-stm32.9-2020-q2-update.win32_2.0.0.202105311346/tools/bin/../lib/gcc/arm-none-eabi/9.3.1/thumb/v7e-m+fp/hard/crtbegin.o
                0x00000000200001dc                . = ALIGN (0x4)

.bss            0x00000000200001e0       0x58 load address 0x0000000008008c2c
                0x00000000200001e0                _sbss = .
                0x00000000200001e0                __bss_start__ = _sbss
 *(.bss)
 .bss           0x00000000200001e0       0x1c d:/stm32cubeide_1.7.0/stm32cubeide/plugins/com.st.stm32cube.ide.mcu.externaltools.gnu-tools-for-stm32.9-2020-q2-update.win32_2.0.0.202105311346/tools/bin/../lib/gcc/arm-none-eabi/9.3.1/thumb/v7e-m+fp/hard/crtbegin.o
 *(.bss*)
 *fill*         0x00000000200001fc        0x4 
 .bss.disp_time
                0x0000000020000200        0x8 ./Src/display.o
                0x0000000020000200                disp_time
 .bss.disp_time_saved
                0x0000000020000208        0x8 ./Src/display.o
                0x0000000020000208                disp_time_saved
 .bss.shift     0x0000000020000210        0x1 ./Src/display.o
                0x0000000020000210                shift
 .bss.len       0x0000000020000211        0x1 ./Src/display.o
                0x0000000020000211                len
 .bss.prerusenie
                0x0000000020000212        0x1 ./Src/display.o
                0x0000000020000212                prerusenie
 .bss.d         0x0000000020000213        0x1 ./Src/display.o
                0x0000000020000213                d
 .bss.end_of_read_flag
                0x0000000020000214        0x1 ./Src/i2c.o
                0x0000000020000214                end_of_read_flag
 .bss.ubReceiveIndex
                0x0000000020000215        0x1 ./Src/i2c.o
                0x0000000020000215                ubReceiveIndex
 .bss.button    0x0000000020000216        0x1 ./Src/main.o
                0x0000000020000216                button
 *fill*         0x0000000020000217        0x1 
 .bss.heap_end.6585
                0x0000000020000218        0x4 ./Src/sysmem.o
 .bss.__malloc_free_list
                0x000000002000021c        0x4 d:/stm32cubeide_1.7.0/stm32cubeide/plugins/com.st.stm32cube.ide.mcu.externaltools.gnu-tools-for-stm32.9-2020-q2-update.win32_2.0.0.202105311346/tools/bin/../lib/gcc/arm-none-eabi/9.3.1/../../../../arm-none-eabi/lib/thumb/v7e-m+fp/hard\libc_nano.a(lib_a-nano-mallocr.o)
                0x000000002000021c                __malloc_free_list
 .bss.__malloc_sbrk_start
                0x0000000020000220        0x4 d:/stm32cubeide_1.7.0/stm32cubeide/plugins/com.st.stm32cube.ide.mcu.externaltools.gnu-tools-for-stm32.9-2020-q2-update.win32_2.0.0.202105311346/tools/bin/../lib/gcc/arm-none-eabi/9.3.1/../../../../arm-none-eabi/lib/thumb/v7e-m+fp/hard\libc_nano.a(lib_a-nano-mallocr.o)
                0x0000000020000220                __malloc_sbrk_start
 *(COMMON)
 COMMON         0x0000000020000224        0x4 ./Src/i2c.o
                0x0000000020000224                aReceiveBuffer_read
 COMMON         0x0000000020000228        0x4 d:/stm32cubeide_1.7.0/stm32cubeide/plugins/com.st.stm32cube.ide.mcu.externaltools.gnu-tools-for-stm32.9-2020-q2-update.win32_2.0.0.202105311346/tools/bin/../lib/gcc/arm-none-eabi/9.3.1/../../../../arm-none-eabi/lib/thumb/v7e-m+fp/hard\libc_nano.a(lib_a-reent.o)
                0x0000000020000228                errno
 COMMON         0x000000002000022c        0x9 d:/stm32cubeide_1.7.0/stm32cubeide/plugins/com.st.stm32cube.ide.mcu.externaltools.gnu-tools-for-stm32.9-2020-q2-update.win32_2.0.0.202105311346/tools/bin/../lib/gcc/arm-none-eabi/9.3.1/../../../../arm-none-eabi/lib/thumb/v7e-m+fp/hard\libc_nano.a(lib_a-lock.o)
                0x000000002000022c                __lock___atexit_recursive_mutex
                0x000000002000022d                __lock___arc4random_mutex
                0x000000002000022e                __lock___env_recursive_mutex
                0x000000002000022f                __lock___sinit_recursive_mutex
                0x0000000020000230                __lock___malloc_recursive_mutex
                0x0000000020000231                __lock___at_quick_exit_mutex