stm32f3xx_ll_tim.h:3971:22:LL_TIM_ClearFlag_UPDATE	16	static
stm32f3xx_ll_tim.h:3982:26:LL_TIM_IsActiveFlag_UPDATE	16	static
stm32f3xx_ll_gpio.h:895:22:LL_GPIO_SetOutputPin	16	static
stm32f3xx_ll_gpio.h:924:22:LL_GPIO_ResetOutputPin	16	static
assignment.h:15:6:character_A	8	static
assignment.h:27:6:character_B	8	static
assignment.h:39:6:character_C	8	static
assignment.h:51:6:character_D	8	static
assignment.h:63:6:character_E	8	static
assignment.h:75:6:character_F	8	static
assignment.h:87:6:character_G	8	static
assignment.h:100:6:character_H	8	static
assignment.h:112:6:character_I	8	static
assignment.h:124:6:character_J	8	static
assignment.h:136:6:character_K	8	static
assignment.h:148:6:character_L	8	static
assignment.h:160:6:character_M	8	static
assignment.h:172:6:character_N	8	static
assignment.h:184:6:character_O	8	static
assignment.h:196:6:character_P	8	static
assignment.h:208:6:character_Q	8	static
assignment.h:220:6:character_R	8	static
assignment.h:232:6:character_S	8	static
assignment.h:244:6:character_T	8	static
assignment.h:256:6:character_U	8	static
assignment.h:268:6:character_V	8	static
assignment.h:280:6:character_W	8	static
assignment.h:292:6:character_X	8	static
assignment.h:304:6:character_Y	8	static
assignment.h:316:6:character_Z	8	static
assignment.h:330:6:character_1	8	static
assignment.h:337:6:character_2	8	static
assignment.h:347:6:character_3	8	static
assignment.h:357:6:character_4	8	static
assignment.h:366:6:character_5	8	static
assignment.h:376:6:character_6	8	static
assignment.h:387:6:character_7	8	static
assignment.h:395:6:character_8	8	static
assignment.h:407:6:character_9	8	static
assignment.h:417:6:character_0	8	static
display.c:26:6:resetSegments	8	static
display.c:38:6:setSegments	8	static
display.c:50:6:resetDigits	8	static
display.c:59:6:setDigits	8	static
display.c:67:6:setDecimalPoint	8	static
display.c:71:6:character_podciar	8	static
display.c:77:6:character_minus	8	static
display.c:89:6:setDigit	16	static
display.c:106:6:display_update	24	static
display.c:298:6:display_show	32	static
display.c:330:6:TIM3_IRQHandler	8	static
